
==========================================================================
STAGE census -- (C1) EXACT a=0 census over ALL 2^n subsets
==========================================================================
  n=32, p=3 -- reproducing the banked table (all/a=0):
    w=2   all=1048576   a0=983040      (banked all=1048576   a0=983040)
    w=3   all=4096      a0=3072        (banked all=4096      a0=3072)
    w=4   all=4096      a0=3072        (banked all=4096      a0=3072)
    w=5   all=128       a0=64          (banked all=128       a0=64)
    w=6   all=64        a0=0           (banked all=64        a0=0)
    w=7   all=64        a0=0           (banked all=64        a0=0)
    w=8   all=64        a0=0           (banked all=64        a0=0)

  FULL-WINDOW vs ODD-ONLY a=0 counts (the even conditions' bite):
  n    p    w          a0 FULL    a0 ODD-only
  16   3    5                0            768
  16   7    2             1152           1152
  16   7    3               32           1152
  16   7    4                0             32
  16   7    5                0             32
  16   7    6                0             32
  16   7    7                0             32
  16   7    8                0             32
  16   7    9                0             32
  16   7    10               0              0
  16   7    11               0              0
  16   7    12               0              0
  16   17   4                0             64
  16   17   5                0             64
  32   7    2          1916928        1916928
  32   7    3            38272        1916928
  32   7    4              320          17408
  32   7    5               64          17408
  32   7    6               64          17408
  32   7    7                0          17408
  32   7    8                0          17408
  32   7    9                0          17408

  The gate is exactly the s=6 EVEN condition:
    n=32 p=7 w=6 : a0 FULL = 64   (odd-only = 17408)
    n=32 p=7 w=7 : a0 FULL = 0   (odd-only = 17408)
  w_cov(7, 2^m) = 12, so SP-COVER cannot fire below w=12 at any n;
  the exclusion at w=7 is therefore NOT a coverage phenomenon.

--------------------------------------------------------------------------
checks = 20   failures = 0
