D1 start

=== D1  two-slope ceilings at the six rows ===
row                    h              R   ceil 2h  ceil 2h-2   ceil h  sunflower     0.68n^2
RowC 1/4               5            768       153        191      307        256   7.130e+05
RowC 1/8               5            896       179        223      358        299   7.130e+05
RowC 1/16              3            960       319        479      639        480   7.130e+05
prize 1/4     8589934593  1649267441664       191        191      383        383   3.288e+24
prize 1/8     8589934593  1924145348608       223        223      447        447   3.288e+24
prize 1/16    4294967297  2061584302080       479        479      959        959   3.288e+24

  ledger column  sum_d N_d L(d)  under N_d <= ceiling(2h-2):
   RowC 1/4    sum_d L(d) = 8.280000e+02   column = 1.581480e+05   13n^3 = 1.395864e+10   fits=True  margin 2^16.4
PASS D1 RowC 1/4: designed two-slope ceiling fits the 13n^3 headroom
PASS D1 RowC 1/4: designed ceiling 191 << 0.68n^2
   RowC 1/8    sum_d L(d) = 9.670000e+02   column = 2.156410e+05   13n^3 = 1.395864e+10   fits=True  margin 2^16.0
PASS D1 RowC 1/8: designed two-slope ceiling fits the 13n^3 headroom
PASS D1 RowC 1/8: designed ceiling 223 << 0.68n^2
   RowC 1/16   sum_d L(d) = 4.790000e+02   column = 2.294410e+05   13n^3 = 1.395864e+10   fits=True  margin 2^15.9
PASS D1 RowC 1/16: designed two-slope ceiling fits the 13n^3 headroom
PASS D1 RowC 1/16: designed ceiling 479 << 0.68n^2
   prize 1/4   sum_d L(d) = 3.683927e+13   column = 7.036300e+15   13n^3 = 1.382397e+38   fits=True  margin 2^74.1
PASS D1 prize 1/4: designed two-slope ceiling fits the 13n^3 headroom
PASS D1 prize 1/4: designed ceiling 191 << 0.68n^2
   prize 1/8   sum_d L(d) = 4.301057e+13   column = 9.591358e+15   13n^3 = 1.382397e+38   fits=True  margin 2^73.6
PASS D1 prize 1/8: designed two-slope ceiling fits the 13n^3 headroom
PASS D1 prize 1/8: designed ceiling 223 << 0.68n^2
   prize 1/16  sum_d L(d) = 4.476450e+13   column = 2.144219e+16   13n^3 = 1.382397e+38   fits=True  margin 2^72.4
PASS D1 prize 1/16: designed two-slope ceiling fits the 13n^3 headroom
PASS D1 prize 1/16: designed ceiling 479 << 0.68n^2
