
=== stage b1 ===
PASS B1 n=40 k=5 h=4 d=1: rank = 2hM EXACTLY while 2hM <= 2R-2h (zero deficit for spread designed families)  [[(1, 8, 8), (2, 16, 16), (3, 24, 24), (4, 32, 32), (5, 40, 40), (6, 48, 48), (7, 56, 56)]]
PASS B1 n=40 h=4 d=1: max realisable M = 11; ceiling 8; max deficit 20  [lastreal=11 ceil=8 maxdef=20]
PASS B1 n=40 k=5 h=4 d=2: rank = 2hM EXACTLY while 2hM <= 2R-2h (zero deficit for spread designed families)  [[(1, 8, 8), (2, 16, 16), (3, 24, 24), (4, 32, 32), (5, 40, 40), (6, 48, 48), (7, 56, 56)]]
PASS B1 n=40 h=4 d=2: max realisable M = 11; ceiling 8; max deficit 23  [lastreal=11 ceil=8 maxdef=23]
FAIL B1 n=44 k=6 h=5 d=1: rank = 2hM EXACTLY while 2hM <= 2R-2h (zero deficit for spread designed families)  [[(1, 10, 10), (2, 20, 20), (3, 30, 30), (4, 40, 40), (5, 50, 50), (6, 55, 60)]]
PASS B1 n=44 h=5 d=1: max realisable M = 10; ceiling 7; max deficit 28  [lastreal=10 ceil=7 maxdef=28]
PASS B1 n=44 k=6 h=5 d=2: rank = 2hM EXACTLY while 2hM <= 2R-2h (zero deficit for spread designed families)  [[(1, 10, 10), (2, 20, 20), (3, 30, 30), (4, 40, 40), (5, 50, 50), (6, 60, 60)]]
PASS B1 n=44 h=5 d=2: max realisable M = 10; ceiling 7; max deficit 32  [lastreal=10 ceil=7 maxdef=32]
FAIL B1 n=44 k=6 h=5 d=3: rank = 2hM EXACTLY while 2hM <= 2R-2h (zero deficit for spread designed families)  [[(1, 10, 10), (2, 20, 20), (3, 30, 30), (4, 40, 40), (5, 50, 50), (6, 56, 60)]]
PASS B1 n=44 h=5 d=3: max realisable M = 10; ceiling 7; max deficit 27  [lastreal=10 ceil=7 maxdef=27]
FAIL B1 n=36 k=4 h=4 d=1: rank = 2hM EXACTLY while 2hM <= 2R-2h (zero deficit for spread designed families)  [[(1, 8, 8), (2, 16, 16), (3, 24, 24), (4, 32, 32), (5, 40, 40), (6, 48, 48), (7, 54, 56)]]
PASS B1 n=36 h=4 d=1: max realisable M = 10; ceiling 7; max deficit 21  [lastreal=10 ceil=7 maxdef=21]
FAIL B1 n=36 k=4 h=4 d=2: rank = 2hM EXACTLY while 2hM <= 2R-2h (zero deficit for spread designed families)  [[(1, 8, 8), (2, 16, 16), (3, 24, 24), (4, 32, 32), (5, 40, 40), (6, 44, 48), (7, 49, 56)]]
PASS B1 n=36 h=4 d=2: max realisable M = 10; ceiling 7; max deficit 18  [lastreal=10 ceil=7 maxdef=18]
PASS B1 n=48 k=8 h=5 d=1: rank = 2hM EXACTLY while 2hM <= 2R-2h (zero deficit for spread designed families)  [[(1, 10, 10), (2, 20, 20), (3, 30, 30), (4, 40, 40), (5, 50, 50), (6, 60, 60), (7, 70, 70)]]
PASS B1 n=48 h=5 d=1: max realisable M = 10; ceiling 7; max deficit 23  [lastreal=10 ceil=7 maxdef=23]
FAIL B1 n=48 k=8 h=5 d=2: rank = 2hM EXACTLY while 2hM <= 2R-2h (zero deficit for spread designed families)  [[(1, 10, 10), (2, 20, 20), (3, 30, 30), (4, 40, 40), (5, 50, 50), (6, 60, 60), (7, 67, 70)]]
PASS B1 n=48 h=5 d=2: max realisable M = 10; ceiling 7; max deficit 25  [lastreal=10 ceil=7 maxdef=25]
PASS B1 n=48 k=8 h=5 d=3: rank = 2hM EXACTLY while 2hM <= 2R-2h (zero deficit for spread designed families)  [[(1, 10, 10), (2, 20, 20), (3, 30, 30), (4, 40, 40), (5, 50, 50), (6, 60, 60), (7, 70, 70)]]
PASS B1 n=48 h=5 d=3: max realisable M = 10; ceiling 7; max deficit 23  [lastreal=10 ceil=7 maxdef=23]
PASS B1 n=30 k=5 h=6 d=1: rank = 2hM EXACTLY while 2hM <= 2R-2h (zero deficit for spread designed families)  [[(1, 12, 12), (2, 24, 24), (3, 36, 36)]]
PASS B1 n=30 h=6 d=1: max realisable M = 7; ceiling 4; max deficit 35  [lastreal=7 ceil=4 maxdef=35]
PASS B1 n=30 k=5 h=6 d=2: rank = 2hM EXACTLY while 2hM <= 2R-2h (zero deficit for spread designed families)  [[(1, 12, 12), (2, 24, 24), (3, 36, 36)]]
PASS B1 n=30 h=6 d=2: max realisable M = 5; ceiling 4; max deficit 34  [lastreal=5 ceil=4 maxdef=34]
PASS B1 n=30 k=5 h=6 d=3: rank = 2hM EXACTLY while 2hM <= 2R-2h (zero deficit for spread designed families)  [[(1, 12, 12), (2, 24, 24), (3, 36, 36)]]
PASS B1 n=30 h=6 d=3: max realisable M = 6; ceiling 4; max deficit 34  [lastreal=6 ceil=4 maxdef=34]
PASS B1 n=30 k=5 h=6 d=4: rank = 2hM EXACTLY while 2hM <= 2R-2h (zero deficit for spread designed families)  [[(1, 12, 12), (2, 24, 24), (3, 36, 36)]]
PASS B1 n=30 h=6 d=4: max realisable M = 6; ceiling 4; max deficit 34  [lastreal=6 ceil=4 maxdef=34]

checks=28 failures=5
B1 n=44 k=6 h=5 d=1: rank = 2hM EXACTLY while 2hM <= 2R-2h (zero deficit for spread designed families) [(1, 10, 10), (2, 20, 20), (3, 30, 30), (4, 40, 40), (5, 50, 50), (6, 55, 60)]
B1 n=44 k=6 h=5 d=3: rank = 2hM EXACTLY while 2hM <= 2R-2h (zero deficit for spread designed families) [(1, 10, 10), (2, 20, 20), (3, 30, 30), (4, 40, 40), (5, 50, 50), (6, 56, 60)]
B1 n=36 k=4 h=4 d=1: rank = 2hM EXACTLY while 2hM <= 2R-2h (zero deficit for spread designed families) [(1, 8, 8), (2, 16, 16), (3, 24, 24), (4, 32, 32), (5, 40, 40), (6, 48, 48), (7, 54, 56)]
B1 n=36 k=4 h=4 d=2: rank = 2hM EXACTLY while 2hM <= 2R-2h (zero deficit for spread designed families) [(1, 8, 8), (2, 16, 16), (3, 24, 24), (4, 32, 32), (5, 40, 40), (6, 44, 48), (7, 49, 56)]
B1 n=48 k=8 h=5 d=2: rank = 2hM EXACTLY while 2hM <= 2R-2h (zero deficit for spread designed families) [(1, 10, 10), (2, 20, 20), (3, 30, 30), (4, 40, 40), (5, 50, 50), (6, 60, 60), (7, 67, 70)]
