
=== stage c1 ===
  MC n=16 k=4 w=2 q=97 h=3 A=7: maxJ=6 maxray=7 profile={'0': {'pairs': 1715, 'N': 288, 'maxL': 2, 'sumL': 1400}, '2': {'pairs': 7, 'N': 7, 'maxL': 10, 'sumL': 70}}
PASS C1 MC n=16 k=4 w=2: the MC family sits at depth w=2 = h-1 (the cascade tier), NOT in the band [1,1]  [N_band=0 N_casc=7]
FAIL C1 MC n=16 k=4 w=2: below-cascade gate (maxJ<=A-2)  [maxJ=6 A-2=5]
  MC n=20 k=4 w=2 q=41 h=3 A=7: maxJ=6 maxray=7 profile={'0': {'pairs': 4665, 'N': 1040, 'maxL': 3, 'sumL': 3990}, '2': {'pairs': 12, 'N': 12, 'maxL': 14, 'sumL': 168}}
PASS C1 MC n=20 k=4 w=2: the MC family sits at depth w=2 = h-1 (the cascade tier), NOT in the band [1,1]  [N_band=0 N_casc=12]
FAIL C1 MC n=20 k=4 w=2: below-cascade gate (maxJ<=A-2)  [maxJ=6 A-2=5]
  MC n=20 k=4 w=4 q=41 h=5 A=9: maxJ=8 maxray=9 profile={'0': {'pairs': 4685, 'N': 0, 'maxL': 1, 'sumL': 1344}, '1': {'pairs': 4, 'N': 0, 'maxL': 0, 'sumL': 0}, '4': {'pairs': 2, 'N': 2, 'maxL': 12, 'sumL': 24}}
PASS C1 MC n=20 k=4 w=4: the MC family sits at depth w=4 = h-1 (the cascade tier), NOT in the band [1,3]  [N_band=0 N_casc=2]
FAIL C1 MC n=20 k=4 w=4: below-cascade gate (maxJ<=A-2)  [maxJ=8 A-2=7]
  MC n=28 k=4 w=4 q=29 h=5 A=9: maxJ=8 maxray=9 profile={'0': {'pairs': 20025, 'N': 24, 'maxL': 2, 'sumL': 3864}, '1': {'pairs': 36, 'N': 0, 'maxL': 0, 'sumL': 0}, '2': {'pairs': 4, 'N': 0, 'maxL': 0, 'sumL': 0}, '4': {'pairs': 3, 'N': 3, 'maxL': 20, 'sumL': 60}}
PASS C1 MC n=28 k=4 w=4: the MC family sits at depth w=4 = h-1 (the cascade tier), NOT in the band [1,3]  [N_band=0 N_casc=3]
FAIL C1 MC n=28 k=4 w=4: below-cascade gate (maxJ<=A-2)  [maxJ=8 A-2=7]
  MC n=20 k=8 w=4 q=101 h=5 A=13: maxJ=9 maxray=0 profile={'0': {'pairs': 125826, 'N': 0, 'maxL': 0, 'sumL': 0}, '1': {'pairs': 16, 'N': 0, 'maxL': 0, 'sumL': 0}}
PASS C1 MC n=20 k=8 w=4: the MC family sits at depth w=4 = h-1 (the cascade tier), NOT in the band [1,3]  [N_band=0 N_casc=0]
PASS C1 MC n=20 k=8 w=4: below-cascade gate (maxJ<=A-2)  [maxJ=9 A-2=11]
  MC n=24 k=6 w=3 q=73 h=4 A=10: maxJ=9 maxray=10 profile={'0': {'pairs': 133651, 'N': 0, 'maxL': 1, 'sumL': 13860}, '1': {'pairs': 51, 'N': 0, 'maxL': 0, 'sumL': 0}, '3': {'pairs': 7, 'N': 7, 'maxL': 15, 'sumL': 105}}
PASS C1 MC n=24 k=6 w=3: the MC family sits at depth w=3 = h-1 (the cascade tier), NOT in the band [1,2]  [N_band=0 N_casc=7]
FAIL C1 MC n=24 k=6 w=3: below-cascade gate (maxJ<=A-2)  [maxJ=9 A-2=8]

checks=12 failures=5
C1 MC n=16 k=4 w=2: below-cascade gate (maxJ<=A-2) maxJ=6 A-2=5
C1 MC n=20 k=4 w=2: below-cascade gate (maxJ<=A-2) maxJ=6 A-2=5
C1 MC n=20 k=4 w=4: below-cascade gate (maxJ<=A-2) maxJ=8 A-2=7
C1 MC n=28 k=4 w=4: below-cascade gate (maxJ<=A-2) maxJ=8 A-2=7
C1 MC n=24 k=6 w=3: below-cascade gate (maxJ<=A-2) maxJ=9 A-2=8
