=== r35_fg_razor  e2a_budget  (rate-half shape, q sweep) ===
SHAPE n=20 k=10 R=10 rho=2 r=8 a=12 | rate 1/2:True | 4rho=8<R=10:True | a>R+1:True | a-1>r:True | C(n,r)=125970
  2rho=4 floor(R/2)=5 intermediate band (2rho,R/2] = [5] ; (R+1)-a = -1 (negative, as at the razor)
  LOCCAP = 24 locators retained per slope for the ledger (w* is therefore an UPPER bound on the true w*)

  ... enumerating C(20,8) = 125970 locators once, all 12 configs

q=23     FG(witness B)  mu_1=238.13       T=22     T/q=0.956522   1-exp(-mu_1)=1.000000  r+1=9
        p*=4 h_r=4 dimK0=5 deggcd=4 principal=True FG=True col-close locators=0 (column-far=True)
        list sizes min/med/max = 185/211/242  total pairs=4595  (mean list over bad slopes = 208.9 ; mu_1 = 238.1)
        ledger: w*<=10  (R+1)-w*=1  T1=3 T2=19  max spend=2  e=max d_x=22  CAP=220  T2<=CAP:True

q=23     LB1            mu_1=238.13       T=23     T/q=1.000000   1-exp(-mu_1)=1.000000  r+1=9
        p*=6 h_r=3 dimK0=6 deggcd=0 principal=False FG=False col-close locators=5 (column-far=False)
        list sizes min/med/max = 165/212/255  total pairs=4903  (mean list over bad slopes = 213.2 ; mu_1 = 238.1)
        ledger: w*<=9  (R+1)-w*=2  T1=6 T2=17  max spend=2  e=max d_x=23  CAP=126  T2<=CAP:True

q=101    FG(witness B)  mu_1=12.349       T=100    T/q=0.990099   1-exp(-mu_1)=0.999996  r+1=9
        p*=4 h_r=4 dimK0=5 deggcd=4 principal=True FG=True col-close locators=0 (column-far=True)
        list sizes min/med/max = 5/11/26  total pairs=1117  (mean list over bad slopes = 11.17 ; mu_1 = 12.35)
        ledger: w*<=9  (R+1)-w*=2  T1=2 T2=98  max spend=4  e=max d_x=95  CAP=522  T2<=CAP:True

q=101    LB1            mu_1=12.349       T=101    T/q=1.000000   1-exp(-mu_1)=0.999996  r+1=9
        p*=6 h_r=3 dimK0=6 deggcd=0 principal=False FG=False col-close locators=0 (column-far=True)
        list sizes min/med/max = 4/12/25  total pairs=1203  (mean list over bad slopes = 11.91 ; mu_1 = 12.35)
        ledger: w*<=9  (R+1)-w*=2  T1=9 T2=92  max spend=4  e=max d_x=100  CAP=550  T2<=CAP:True

q=349    FG(witness B)  mu_1=1.0342       T=209    T/q=0.598854   1-exp(-mu_1)=0.644499  r+1=9
        p*=4 h_r=4 dimK0=5 deggcd=4 principal=True FG=True col-close locators=0 (column-far=True)
        list sizes min/med/max = 1/1/6  total pairs=327  (mean list over bad slopes = 1.565 ; mu_1 = 1.034)
        ledger: w*<=9  (R+1)-w*=2  T1=2 T2=207  max spend=7  e=max d_x=99  CAP=544  T2<=CAP:True

q=349    LB1            mu_1=1.0342       T=225    T/q=0.644699   1-exp(-mu_1)=0.644499  r+1=9
        p*=6 h_r=3 dimK0=6 deggcd=0 principal=False FG=False col-close locators=0 (column-far=True)
        list sizes min/med/max = 1/1/5  total pairs=361  (mean list over bad slopes = 1.604 ; mu_1 = 1.034)
        ledger: w*<=9  (R+1)-w*=2  T1=9 T2=216  max spend=7  e=max d_x=118  CAP=649  T2<=CAP:True

q=1009   FG(witness B)  mu_1=0.12373      T=111    T/q=0.110010   1-exp(-mu_1)=0.116384  r+1=9
        p*=4 h_r=4 dimK0=5 deggcd=4 principal=True FG=True col-close locators=0 (column-far=True)
        list sizes min/med/max = 1/1/2  total pairs=114  (mean list over bad slopes = 1.027 ; mu_1 = 0.1237)
        ledger: w*<=9  (R+1)-w*=2  T1=2 T2=109  max spend=7  e=max d_x=58  CAP=319  T2<=CAP:True

q=1009   LB1            mu_1=0.12373      T=109    T/q=0.108028   1-exp(-mu_1)=0.116384  r+1=9
        p*=6 h_r=3 dimK0=6 deggcd=0 principal=False FG=False col-close locators=0 (column-far=True)
        list sizes min/med/max = 1/1/3  total pairs=118  (mean list over bad slopes = 1.083 ; mu_1 = 0.1237)
        ledger: w*<=9  (R+1)-w*=2  T1=9 T2=100  max spend=7  e=max d_x=54  CAP=297  T2<=CAP:True

q=10007  FG(witness B)  mu_1=0.0012579    T=13     T/q=0.001299   1-exp(-mu_1)=0.001257  r+1=9
        p*=4 h_r=4 dimK0=5 deggcd=4 principal=True FG=True col-close locators=0 (column-far=True)
        list sizes min/med/max = 1/1/1  total pairs=13  (mean list over bad slopes = 1 ; mu_1 = 0.001258)
        ledger: w*<=9  (R+1)-w*=2  T1=2 T2=11  max spend=6  e=max d_x=10  CAP=55  T2<=CAP:True

q=10007  LB1            mu_1=0.0012579    T=20     T/q=0.001999   1-exp(-mu_1)=0.001257  r+1=9
        p*=6 h_r=3 dimK0=6 deggcd=0 principal=False FG=False col-close locators=0 (column-far=True)
        list sizes min/med/max = 1/1/1  total pairs=20  (mean list over bad slopes = 1 ; mu_1 = 0.001258)
        ledger: w*<=9  (R+1)-w*=2  T1=9 T2=11  max spend=7  e=max d_x=16  CAP=88  T2<=CAP:True

q=65537  FG(witness B)  mu_1=2.9329e-05   T=4      T/q=0.000061   1-exp(-mu_1)=0.000029  r+1=9
        p*=4 h_r=4 dimK0=5 deggcd=4 principal=True FG=True col-close locators=0 (column-far=True)
        list sizes min/med/max = 1/1/1  total pairs=4  (mean list over bad slopes = 1 ; mu_1 = 2.933e-05)
        ledger: w*<=11  (R+1)-w*=0  T1=2 T2=2  max spend=3  e=max d_x=4  CAP=None  T2<=CAP:VACUOUS(floor<=0)

q=65537  LB1            mu_1=2.9329e-05   T=10     T/q=0.000153   1-exp(-mu_1)=0.000029  r+1=9
        p*=6 h_r=3 dimK0=6 deggcd=0 principal=False FG=False col-close locators=0 (column-far=True)
        list sizes min/med/max = 1/1/1  total pairs=10  (mean list over bad slopes = 1 ; mu_1 = 2.933e-05)
        ledger: w*<=9  (R+1)-w*=2  T1=9 T2=1  max spend=4  e=max d_x=9  CAP=49  T2<=CAP:True

