{
 "mode": "alpha0",
 "n": 32,
 "q": 30000001,
 "m": 15,
 "g": 6959216,
 "only": [
  5
 ],
 "N_subsets": 64576512,
 "mean_per_class": 2.1525503282483225,
 "MAXSCAN_0": 94,
 "count_at_v1": 0,
 "n_argmax_fibers": 16,
 "argmax_v": [
  862463,
  5385696,
  5426498,
  13065552,
  13170849,
  14198127,
  14525307,
  14976674,
  15023327,
  15474694,
  15801874,
  16829152,
  16934449,
  24573503,
  24614305,
  29137538
 ],
 "argmax_W2": [
  29137538,
  24614305,
  24573503,
  16934449,
  16829152,
  15801874,
  15474694,
  15023327,
  14976674,
  14525307,
  14198127,
  13170849,
  13065552,
  5426498,
  5385696,
  862463
 ],
 "count_tail_top": {
  "2": 6515584,
  "4": 3466464,
  "6": 2001824,
  "8": 1005920,
  "10": 535248,
  "12": 342080,
  "14": 182592,
  "16": 106928,
  "18": 65264,
  "20": 39552,
  "22": 26128,
  "24": 14352,
  "26": 8304,
  "28": 5664,
  "30": 4352,
  "32": 3088,
  "34": 1824,
  "36": 1488,
  "38": 1168,
  "40": 672,
  "42": 784,
  "44": 592,
  "46": 816,
  "48": 384,
  "50": 160,
  "52": 48,
  "54": 288,
  "56": 208,
  "58": 112,
  "60": 32,
  "62": 208,
  "64": 48,
  "66": 128,
  "68": 64,
  "70": 80,
  "72": 64,
  "74": 32,
  "76": 48,
  "78": 32,
  "80": 16,
  "84": 96,
  "90": 16,
  "94": 16
 },
 "distinct_nonzero_fibers": 14332768
}
