{
 "mode": "alpha0",
 "n": 32,
 "q": 30000001,
 "m": 15,
 "g": 6959216,
 "only": [
  7
 ],
 "N_subsets": 184504320,
 "mean_per_class": 6.1501437949952065,
 "MAXSCAN_0": 42,
 "count_at_v1": 4,
 "n_argmax_fibers": 16,
 "argmax_v": [
  1048226,
  2884964,
  5388233,
  6794035,
  6987928,
  8202490,
  9019105,
  11982977,
  18017024,
  20980896,
  21797511,
  23012073,
  23205966,
  24611768,
  27115037,
  28951775
 ],
 "argmax_W2": [
  28951775,
  27115037,
  24611768,
  23205966,
  23012073,
  21797511,
  20980896,
  18017024,
  11982977,
  9019105,
  8202490,
  6987928,
  6794035,
  5388233,
  2884964,
  1048226
 ],
 "count_tail_top": {
  "2": 4885712,
  "4": 6125760,
  "6": 5752672,
  "8": 4431776,
  "10": 2953488,
  "12": 1761456,
  "14": 956464,
  "16": 493536,
  "18": 238384,
  "20": 106832,
  "22": 46368,
  "24": 20000,
  "26": 7888,
  "28": 3664,
  "30": 1296,
  "32": 529,
  "34": 176,
  "36": 32,
  "38": 16,
  "40": 16,
  "42": 16
 },
 "distinct_nonzero_fibers": 27786081
}
