{
 "mode": "alpha0",
 "n": 32,
 "q": 30000193,
 "m": 15,
 "g": 8534392,
 "only": null,
 "N_subsets": 565722720,
 "mean_per_class": 18.85730268468606,
 "MAXSCAN_0": 1988,
 "n_argmax_fibers": 16,
 "argmax_v": [
  1,
  1764614,
  3353585,
  3941857,
  4220546,
  4970396,
  7463439,
  11299218,
  18700975,
  22536754,
  25029797,
  25779647,
  26058336,
  26646608,
  28235579,
  30000192
 ],
 "argmax_W2": [
  30000192,
  28235579,
  26646608,
  26058336,
  25779647,
  25029797,
  22536754,
  18700975,
  11299218,
  7463439,
  4970396,
  4220546,
  3941857,
  3353585,
  1764614,
  1
 ],
 "count_tail_top": {
  "248": 64,
  "250": 80,
  "252": 48,
  "254": 48,
  "256": 48,
  "258": 32,
  "260": 32,
  "262": 32,
  "264": 32,
  "266": 32,
  "268": 48,
  "270": 64,
  "272": 32,
  "274": 64,
  "276": 48,
  "278": 16,
  "280": 64,
  "282": 16,
  "284": 32,
  "286": 32,
  "290": 16,
  "292": 32,
  "294": 80,
  "298": 64,
  "302": 32,
  "304": 48,
  "306": 32,
  "308": 48,
  "310": 48,
  "312": 48,
  "314": 48,
  "316": 32,
  "318": 32,
  "320": 32,
  "350": 16,
  "352": 16,
  "354": 32,
  "360": 16,
  "366": 16,
  "368": 32,
  "420": 16,
  "422": 16,
  "424": 16,
  "440": 16,
  "702": 16,
  "706": 16,
  "712": 32,
  "718": 32,
  "720": 48,
  "722": 48,
  "724": 16,
  "728": 16,
  "744": 16,
  "748": 32,
  "750": 32,
  "752": 48,
  "754": 32,
  "774": 32,
  "778": 16,
  "788": 16,
  "1988": 16
 },
 "distinct_nonzero_fibers": 29992896
}
