==========================================================================
ROUND 18 -- E_floor SPARSITY PILOT   stage=dense
==========================================================================
--------------------------------------------------------------------------
[DENSE] S2 -- floor density of constructed families, n=32 r'=6
  BASELINE(all sets)     w=3 |F|=906192  a0=905632  N=0:0     floor=6528   internal=0.00721 contrib=7.204e-03
  F1 quarter-shift j=2   w=3 |F|=3808    a0=3808    N=0:0     floor=3200   internal=0.84034 contrib=3.531e-03 kill=1.00
  F2 shift j=3           w=3 |F|=4032    a0=4032    N=0:0     floor=0      internal=0.00000 contrib=0.000e+00 kill=0.00
  F2 shift j=4           w=3 |F|=4032    a0=4032    N=0:0     floor=0      internal=0.00000 contrib=0.000e+00 kill=0.00
  F3 symmetric S=-S      w=3 |F|=560     a0=546     N=0:0     floor=0      internal=0.00000 contrib=0.000e+00 kill=0.05
  F4 mult-inv u=17       w=3 |F|=25984   a0=5084    N=0:0     floor=106    internal=0.02085 contrib=5.848e-04 kill=0.01 [SUBSAMPLE 5197/25984 stride=5]
  F4 mult-inv u=15       w=3 |F|=560     a0=546     N=0:0     floor=16     internal=0.02930 contrib=1.766e-05 kill=0.05
  F5 AP supports         w=3 |F|=448     a0=448     N=0:0     floor=0      internal=0.00000 contrib=0.000e+00 kill=0.00
  F6 coset-near M=2      w=3 |F|=44240   a0=5496    N=0:0     floor=0      internal=0.00000 contrib=0.000e+00 kill=0.01 [SUBSAMPLE 5530/44240 stride=8]
  F7 antipodal x1        w=3 |F|=349440  a0=5923    N=0:0     floor=28     internal=0.00473 contrib=1.823e-03 kill=0.00 [SUBSAMPLE 5923/349440 stride=59]
  F7 antipodal x2        w=3 |F|=43680   a0=5460    N=0:0     floor=0      internal=0.00000 contrib=0.000e+00 kill=0.01 [SUBSAMPLE 5460/43680 stride=8]
  F7 antipodal x3        w=3 |F|=560     a0=0       N=0:0     floor=0      internal=nan contrib=0.000e+00 kill=0.00
  BASELINE(all sets)     w=4 |F|=906192  a0=905632  N=0:0     floor=0      internal=0.00000 contrib=0.000e+00
  F1 quarter-shift j=2   w=4 |F|=3808    a0=3808    N=0:0     floor=0      internal=0.00000 contrib=0.000e+00 kill=1.00
  F2 shift j=3           w=4 |F|=4032    a0=4032    N=0:0     floor=0      internal=0.00000 contrib=0.000e+00 kill=0.00
  F2 shift j=4           w=4 |F|=4032    a0=4032    N=0:0     floor=0      internal=0.00000 contrib=0.000e+00 kill=0.00
  F3 symmetric S=-S      w=4 |F|=560     a0=546     N=0:0     floor=0      internal=0.00000 contrib=0.000e+00 kill=0.05
  F4 mult-inv u=17       w=4 |F|=25984   a0=5084    N=0:0     floor=0      internal=0.00000 contrib=0.000e+00 kill=0.01 [SUBSAMPLE 5197/25984 stride=5]
  F4 mult-inv u=15       w=4 |F|=560     a0=546     N=0:0     floor=0      internal=0.00000 contrib=0.000e+00 kill=0.05
  F5 AP supports         w=4 |F|=448     a0=448     N=0:0     floor=0      internal=0.00000 contrib=0.000e+00 kill=0.00
  F6 coset-near M=2      w=4 |F|=44240   a0=5496    N=0:0     floor=0      internal=0.00000 contrib=0.000e+00 kill=0.01 [SUBSAMPLE 5530/44240 stride=8]
  F7 antipodal x1        w=4 |F|=349440  a0=5923    N=0:0     floor=0      internal=0.00000 contrib=0.000e+00 kill=0.00 [SUBSAMPLE 5923/349440 stride=59]
  F7 antipodal x2        w=4 |F|=43680   a0=5460    N=0:0     floor=0      internal=0.00000 contrib=0.000e+00 kill=0.01 [SUBSAMPLE 5460/43680 stride=8]
  F7 antipodal x3        w=4 |F|=560     a0=0       N=0:0     floor=0      internal=nan contrib=0.000e+00 kill=0.00
  [DENSE] 2 checks
==========================================================================
TOTAL 2 checks, 0 FAILURES; 0 registered predictions, 0 misses
==========================================================================
