==========================================================================
ROUND 18 -- E_floor SPARSITY PILOT   stage=n64
==========================================================================
--------------------------------------------------------------------------
[N64] EXACT per-prime census at n=64, r' <= 6 (meet in the middle)
  p   w   dlt  e    |Zw|   w_cov  bad(all)    bad(a=0)    profile (r',a=0 count)
  3   2   16   2    16     6      9201        3712        [(3, 64), (5, 1856), (6, 1792)]
  3   3   16   2    24     6      49          0           []
  3   4   16   2    24     6      49          0           []
  3   5   16   2    28     6      1           0           []
  3   6   16   2    44     6      1           0           []
  3   7   16   2    44     6      1           0           []
  3   8   16   2    44     6      1           0           []
  3   9   16   2    46     6      1           0           []
  3   10  16   2    46     6      1           0           []
  5   2   16   2    16     4      5489        0           []
  5   3   16   2    24     4      17          0           []
  5   4   16   2    40     4      17          0           []
  5   5   16   2    44     4      1           0           []
  5   6   16   2    44     4      1           0           []
  5   7   16   2    52     4      1           0           []
  5   8   16   2    52     4      1           0           []
  5   9   16   2    54     4      1           0           []
  5   10  16   2    54     4      1           0           []
  [N64] 138 checks
==========================================================================
TOTAL 138 checks, 0 FAILURES; 0 registered predictions, 0 misses
==========================================================================
