==========================================================================
ROUND 18 -- E_floor SPARSITY PILOT   stage=n64
==========================================================================
--------------------------------------------------------------------------
[N64] EXACT per-prime census at n=64, r' <= 6 (meet in the middle)
  p   w   dlt  e    |Zw|   w_cov  bad(all)    bad(a=0)    profile (r',a=0 count)
  7   2   8    4    8      12     11057       5568        [(3, 64), (4, 64), (5, 1920), (6, 3520)]
  7   3   8    4    12     12     113         64          [(6, 64)]
  7   4   8    4    20     12     49          0           []
  7   5   8    4    22     12     1           0           []
  7   6   8    4    22     12     1           0           []
  7   7   8    4    26     12     1           0           []
  7   8   8    4    26     12     1           0           []
  7   9   8    4    28     12     1           0           []
  7   10  8    4    36     12     1           0           []
  7   11  8    4    36     12     1           0           []
  7   12  8    4    44     12     1           0           []
  17  2   4    8    4      16     25521       20032       [(3, 128), (4, 320), (5, 4096), (6, 15488)]
  17  3   4    8    6      16     593         512         [(5, 128), (6, 384)]
  17  4   4    8    10     16     81          0           []
  17  5   4    8    11     16     1           0           []
  17  6   4    8    15     16     1           0           []
  17  7   4    8    17     16     1           0           []
  17  8   4    8    21     16     1           0           []
  17  9   4    8    22     16     1           0           []
  17  10  4    8    26     16     1           0           []
  17  11  4    8    28     16     1           0           []
  17  12  4    8    32     16     1           0           []
  [N64] 155 checks
==========================================================================
TOTAL 155 checks, 0 FAILURES; 0 registered predictions, 0 misses
==========================================================================
