==========================================================================
ROUND 18 -- E_floor SPARSITY PILOT   stage=n64
==========================================================================
--------------------------------------------------------------------------
[N64] EXACT per-prime census at n=128, r' <= 4 (meet in the middle)
  p   w   dlt  e    |Zw|   w_cov  bad(all)    bad(a=0)    profile (r',a=0 count)
  3   2   32   2    32     6      2209        128         [(3, 128)]
  3   3   32   2    48     6      33          0           []
  3   4   32   2    48     6      33          0           []
  3   5   32   2    56     6      1           0           []
  3   6   32   2    88     6      1           0           []
  3   7   32   2    88     6      1           0           []
  3   8   32   2    88     6      1           0           []
  5   2   32   2    32     4      2081        0           []
  5   3   32   2    48     4      33          0           []
  5   4   32   2    80     4      33          0           []
  5   5   32   2    88     4      1           0           []
  5   6   32   2    88     4      1           0           []
  5   7   32   2    104    4      1           0           []
  5   8   32   2    104    4      1           0           []
  7   2   16   4    16     12     2337        256         [(3, 128), (4, 128)]
  7   3   16   4    24     12     33          0           []
  7   4   16   4    40     12     33          0           []
  7   5   16   4    44     12     1           0           []
  7   6   16   4    44     12     1           0           []
  7   7   16   4    52     12     1           0           []
  7   8   16   4    52     12     1           0           []
  17  2   8    8    8      16     2977        896         [(3, 256), (4, 640)]
  17  3   8    8    12     16     33          0           []
  17  4   8    8    20     16     33          0           []
  17  5   8    8    22     16     1           0           []
  17  6   8    8    30     16     1           0           []
  17  7   8    8    34     16     1           0           []
  17  8   8    8    42     16     1           0           []
  [N64] 148 checks
==========================================================================
TOTAL 148 checks, 0 FAILURES; 0 registered predictions, 0 misses
==========================================================================
