==============================================================================
PART 1  --  THE SIX ROWS, EXACT
==============================================================================
row                     n             k             A           h  lg 8n^3  lg 16n^3
RowC 1/4             1024           256           261           5       33        34
RowC 1/8             1024           128           133           5       33        34
RowC 1/16            1024            64            67           3       33        34
prize 1/4   2199023255552  549755813888  558345748481  8589934593      126       127
prize 1/8   2199023255552  274877906944  283467841537  8589934593      126       127
prize 1/16  2199023255552  137438953472  141733920769  4294967297      126       127

8n^3 and 16n^3 exact:
  RowC 1/4    8n^3 = 8589934592                               16n^3 = 17179869184
  RowC 1/8    8n^3 = 8589934592                               16n^3 = 17179869184
  RowC 1/16   8n^3 = 8589934592                               16n^3 = 17179869184
  prize 1/4   8n^3 = 85070591730234615865843651857942052864   16n^3 = 170141183460469231731687303715884105728
  prize 1/8   8n^3 = 85070591730234615865843651857942052864   16n^3 = 170141183460469231731687303715884105728
  prize 1/16  8n^3 = 85070591730234615865843651857942052864   16n^3 = 170141183460469231731687303715884105728

==============================================================================
PART 2  --  THE BANKED ENVELOPE q-PIN  (B* = floor(q/2^128))
==============================================================================
  RowC 1/4    B* = 2^122  q in [2^250, ...]   q<2^256: True   B*/8n^3 = 6.1897e+26
  RowC 1/8    B* = 2^122  q in [2^250, ...]   q<2^256: True   B*/8n^3 = 6.1897e+26
  RowC 1/16   B* = 2^122  q in [2^250, ...]   q<2^256: True   B*/8n^3 = 6.1897e+26
  prize 1/4   B* = 2^127  q in [2^255, ...]   q<2^256: True   B*/8n^3 = 3.7321
  prize 1/8   B* = 2^127  q in [2^255, ...]   q<2^256: True   B*/8n^3 = 3.7321
  prize 1/16  B* = 2^127  q in [2^255, ...]   q<2^256: True   B*/8n^3 = 3.7321

  RowC  q-interval  I_C = [1809251394333065553493296640760748560207343510400633813116524750123642650624,
                        1809251394333065553493296640760748560547625877321572276579899357555410862079]
  prize q-interval  I_P = [108037839417390090843359763492907651257884484313348964300411102808750191280128,
                        108037839417390090843359763492907651258224766680269902763874477416181959491583]

==============================================================================
PART 3  --  THE EXPOSURE CRITERION   C(n,A) > (8n^3)^h 2^(128(h-1))
==============================================================================
row                   log2 C(n,A)          rhs log2            margin  verdict
RowC 1/4                      833               677              +156  EXPOSED
RowC 1/8                      565               677              -112  safe-by-supply
RowC 1/16                     352               355                -3  safe-by-supply
prize 1/4          [1.797506E+12]     2181843386494     -3.843378E+11  safe-by-supply
prize 1/8          [1.219206E+12]     2181843386494     -9.626369E+11  safe-by-supply
prize 1/16         [7.583864E+11]     1090921693310     -3.325353E+11  safe-by-supply

==============================================================================
PART 4  --  THE THREE q-THRESHOLDS (exact where n <= 4096)
==============================================================================
  L1 soundness floor      q^h     >= C 2^128   (E[#live] <= B*)
  L2 no-competition floor q^h     >= C         (E[|W_z|] <= 1)
  L3 P-B supply floor     q^(h-1) >= C / 8n^3  (E[#live] <= 8n^3)

row             lg L1     lg L2     lg L3   lg q_pin   exposed window
RowC 1/4          192       166       200        250   [2^192, 2^200]
RowC 1/8          138       113       133        250   EMPTY
RowC 1/16         160       117       159        250   EMPTY
prize 1/4      209.26    209.26    209.26        255   EMPTY (L3 < L1)
prize 1/8      141.93    141.93    141.93        255   EMPTY (L3 < L1)
prize 1/16     176.58    176.58    176.58        255   EMPTY (L3 < L1)

==============================================================================
PART 5  --  SUPPLY AT THE BANKED PIN  (log2, mean over pencils)
==============================================================================
row              lg E[#witnesses]           lg E[|W_z|]
RowC 1/4             -1.670000E+2          -4.170000E+2
RowC 1/8             -4.350000E+2          -6.850000E+2
RowC 1/16            -1.480000E+2          -3.980000E+2
prize 1/4           -3.929278E+11         -3.929278E+11
prize 1/8           -9.712268E+11         -9.712268E+11
prize 1/16          -3.368303E+11         -3.368303E+11

==============================================================================
PART 5b --  SMALLEST P-B CONSTANT VALID AT EVERY ADMISSIBLE q
            sup_{q >= L1} C(n,A)/q^(h-1) = 2^((log2 C - 128(h-1))/h)
==============================================================================
row             log2 required   log2 8n^3   excess bits   verdict
RowC 1/4              64.2000          33      +31.2000   EXPOSED
RowC 1/8              10.6000          33      -22.4000   fits 8n^3
RowC 1/16             32.0000          33       -1.0000   fits 8n^3
prize 1/4             81.2572         126      -44.7428   fits 8n^3
prize 1/8             13.9343         126     -112.0657   fits 8n^3
prize 1/16            48.5756         126      -77.4244   fits 8n^3

==============================================================================
PART 6  --  EXPOSED-ROW DETAIL
==============================================================================
  RowC 1/4:
    exposed window q in [7676891232383518777053470249149749493066190349264182433950,
                         1737898502031414277584835791914552418242270719663671405377576]
    i.e. [2^192, 2^200]  (width 8 binary orders)
    at the window floor q = L1 = 7676891232383518777053470249149749493066190349264182433950
      mean generic live slopes = 22560355688859937789
      = 2^64 = 2626371068 x 8n^3
    the banked envelope pin q ~ 2^250 lies ABOVE L3 = 2^200: pinned row is supply-safe

wrote /home/u2470931/smooth-read-solomin/prize/notes/pilots_20260802/pb_gamma_exposure/QPIN_LEDGER.json
