== shape S3
  q=2^ 7.59=193          wit   2442627 (pred    2442671.5)  |G|     193 (pred      203.0)  M  164  ret 0.057  first-match 0/164  2.97s
  q=2^ 8.01=257          wit   1834266 (pred    1834379.8)  |G|     257 (pred      257.0)  M  182  ret 0.0311  first-match 0/182  2.44s
  q=2^ 9.17=577          wit    817639 (pred     817046.1)  |G|     577 (pred      577.0)  M  187  ret 0.0277  first-match 0/187  1.6s
  q=2^10.17=1153         wit    412151 (pred     408877.4)  |G|    1153 (pred     1153.0)  M  195  ret 0.0703  first-match 0/195  0.98s
  q=2^11.02=2081         wit    226686 (pred     226542.8)  |G|    2081 (pred     2081.0)  M  191  ret 0.16  first-match 0/191  0.6s
  q=2^12.01=4129         wit    126885 (pred     114176.7)  |G|    4129 (pred     4129.0)  M  197  ret None  first-match 5/197  0.4s
  q=2^13.03=8353         wit     56721 (pred      56439.1)  |G|    8320 (pred     8343.3)  M  196  ret None  first-match 23/196  0.33s
  q=2^14.00=16417        wit     31699 (pred      28716.3)  |G|   10607 (pred    13561.8)  M  197  ret None  first-match 57/197  0.3s
  q=2^15.00=32801        wit     16040 (pred      14372.6)  |G|    9757 (pred    11637.4)  M  196  ret None  first-match 92/196  0.2s
  q=2^16.00=65537        wit      6238 (pred       7193.4)  |G|    3864 (pred     6812.7)  M  196  ret 0.0  first-match 99/196  0.17s
  q=2^17.00=131297       wit      5452 (pred       3590.6)  |G|    3385 (pred     3542.0)  M  196  ret 0.0047  first-match 98/196  0.17s
  q=2^18.00=262337       wit      4240 (pred       1797.1)  |G|    2460 (pred     1790.9)  M  196  ret 0.0016  first-match 99/196  0.16s
  q=2^19.00=524353       wit      3375 (pred        899.1)  |G|    1747 (pred      898.3)  M  196  ret 0.0011  first-match 99/196  0.17s
  q=2^20.00=1048609      wit      3302 (pred        449.6)  |G|    1667 (pred      449.5)  M  196  ret 0.0018  first-match 99/196  0.16s
  q=2^21.00=2097857      wit      3112 (pred        224.7)  |G|    1503 (pred      224.7)  M  196  ret 0.0  first-match 99/196  0.17s
  q=2^22.00=4194433      wit      3011 (pred        112.4)  |G|    1402 (pred      203.0)  M  196  ret 0.0  first-match 99/196  0.15s
  q=2^23.00=8388673      wit      3022 (pred         56.2)  |G|    1413 (pred      203.0)  M  196  ret 0.0  first-match 99/196  0.17s
  q=2^24.00=16777441     wit      3022 (pred         28.1)  |G|    1413 (pred      203.0)  M  196  ret 0.0  first-match 99/196  0.17s
  q=2^25.00=33554593     wit      3003 (pred         14.0)  |G|    1394 (pred      203.0)  M  196  ret 0.0  first-match 99/196  0.15s
  q=2^26.00=67108961     wit      3003 (pred          7.0)  |G|    1394 (pred      203.0)  M  196  ret 0.0  first-match 99/196  0.16s
  q=2^27.00=134218081    wit      3003 (pred          3.5)  |G|    1394 (pred      203.0)  M  196  ret 0.0  first-match 99/196  0.17s
  q=2^28.00=268435649    wit      3003 (pred          1.8)  |G|    1394 (pred      203.0)  M  196  ret 0.0  first-match 99/196  0.17s
  q=2^29.00=536871233    wit      3003 (pred          0.9)  |G|    1394 (pred      203.0)  M  196  ret 0.0  first-match 99/196  0.16s
  q=2^30.00=1073741857   wit      3003 (pred          0.4)  |G|    1394 (pred      203.0)  M  196  ret 0.0  first-match 99/196  0.17s
  q=2^31.00=2147483713   wit      3003 (pred          0.2)  |G|    1394 (pred      203.0)  M  196  ret 0.0  first-match 99/196  0.18s
wrote /home/u2470931/smooth-read-solomin/prize/notes/pilots_20260802/pb_gamma_exposure/MEASURE_S3.json  (1100 banked checks, all PASS)
