==============================================================================
P3 -- THE FIT: deep band (y = x) and the freeze tail (log2 y linear in x)
==============================================================================

           cell  T  e  pts  deep dy/dx   resid  npt | tail slope    2/e  npt   resid
    ( 32, 2,0)  2   8   17      0.9327   0.379   10 |        nan  0.250    1     nan
    ( 32, 2,1)  1   8   63      1.1590   0.174    9 |     0.6925  0.250    8   0.717
    ( 32, 4,0)  4   4    7         nan     nan    1 |        nan  0.500    0     nan
    ( 32, 4,1)  2   4   31      1.0749   0.000    2 |     0.4839  0.500    5   0.790
    ( 64, 4,2)  1   8   66      1.0889   0.274   15 |     0.5516  0.250   14   0.784
    ( 64, 8,2)  2   4   22      0.8927   0.186    6 |     0.5459  0.500    7   0.496
    ( 64, 8,3)  1   4   20      1.7360   0.068    4 |     0.8251  0.500    8   0.380
    ( 64,16,3)  2   2    8         nan     nan    0 |     0.4653  1.000    6   0.365
    (128,16,4)  1   4   19      1.2379   0.049    4 |     0.8697  0.500    9   0.373
    (128,32,4)  2   2    9         nan     nan    1 |     0.4881  1.000    6   0.359
    (256,32,5)  1   4   13      1.3924   0.294    4 |     0.7794  0.500    8   0.235

  --- per-cell tables (Lam, naive depth x, true depth y, y-x) ---

  CELL (32,2,0)  u=1 h=32 T=2 e=8  LamStar=12.000  B=32.0
    Lam=  9.172  x=  -5.6551  y=  -5.7977  y-x=-0.1425
    Lam=  9.587  x=  -4.8263  y=  -4.9600  y-x=-0.1337
    Lam= 10.171  x=  -3.6576  y=  -3.7004  y-x=-0.0428
    Lam= 10.645  x=  -2.7105  y=  -3.1699  y-x=-0.4594
    Lam= 11.023  x=  -1.9539  y=  -2.2479  y-x=-0.2941
    Lam= 11.570  x=  -0.8593  y=  -1.7549  y-x=-0.8955
    Lam= 12.012  x=   0.0232  y=  -1.5236  y-x=-1.5467
    Lam= 12.516  x=   1.0319  y=  -1.8074  y-x=-2.8392
    Lam= 13.028  x=   2.0562  y=  -0.3219  y-x=-2.3781
    Lam= 13.504  x=   3.0079  y=   1.0000  y-x=-2.0079
    Lam= 14.003  x=   4.0058  y=  -0.1699  y-x=-4.1757
    Lam= 14.502  x=   5.0038  y=   FROZEN  y-x=   --
    Lam= 15.001  x=   6.0029  y=   FROZEN  y-x=   --

  CELL (32,2,1)  u=2 h=16 T=1 e=8  LamStar=11.320  B=20.0
    Lam=  6.600  x=  -4.7204  y=  -4.6653  y-x= 0.0551
    Lam=  7.592  x=  -3.7278  y=  -3.6185  y-x= 0.1094
    Lam=  8.006  x=  -3.3147  y=  -3.1619  y-x= 0.1528
    Lam=  8.811  x=  -2.5097  y=  -2.2597  y-x= 0.2500
    Lam=  9.172  x=  -2.1479  y=  -1.8450  y-x= 0.3029
    Lam=  9.587  x=  -1.7335  y=  -1.3173  y-x= 0.4161
    Lam= 10.171  x=  -1.1491  y=  -0.6792  y-x= 0.4699
    Lam= 10.645  x=  -0.6755  y=   0.1030  y-x= 0.7785
    Lam= 11.023  x=  -0.2972  y=   0.3543  y-x= 0.6515
    Lam= 11.570  x=   0.2500  y=   0.8804  y-x= 0.6304
    Lam= 12.012  x=   0.6913  y=   1.9565  y-x= 1.2652
    Lam= 12.516  x=   1.1956  y=   3.4874  y-x= 2.2918
    Lam= 13.028  x=   1.7078  y=   2.7706  y-x= 1.0628
    Lam= 13.504  x=   2.1836  y=   4.9793  y-x= 2.7956
    Lam= 14.003  x=   2.6826  y=   4.6797  y-x= 1.9971
    Lam= 14.502  x=   3.1816  y=   6.0947  y-x= 2.9131
    Lam= 15.001  x=   3.6812  y=   5.5098  y-x= 1.8286
    Lam= 15.515  x=   4.1944  y=   FROZEN  y-x=   --
    Lam= 16.000  x=   4.6797  y=   FROZEN  y-x=   --
    Lam= 16.501  x=   5.1806  y=   FROZEN  y-x=   --
    Lam= 17.002  x=   5.6822  y=   FROZEN  y-x=   --
    Lam= 17.501  x=   6.1803  y=   FROZEN  y-x=   --
    Lam= 18.001  x=   6.6808  y=   FROZEN  y-x=   --
    Lam= 18.502  x=   7.1817  y=   FROZEN  y-x=   --
    Lam= 19.000  x=   7.6799  y=   FROZEN  y-x=   --
    Lam= 19.500  x=   8.1797  y=   FROZEN  y-x=   --
    Lam= 20.000  x=   8.6797  y=   FROZEN  y-x=   --
    Lam= 20.500  x=   9.1799  y=   FROZEN  y-x=   --
    Lam= 21.000  x=   9.6802  y=   FROZEN  y-x=   --
    Lam= 21.500  x=  10.1798  y=   FROZEN  y-x=   --
    Lam= 22.000  x=  10.6797  y=   FROZEN  y-x=   --
    Lam= 22.500  x=  11.1797  y=   FROZEN  y-x=   --
    Lam= 23.000  x=  11.6797  y=   FROZEN  y-x=   --
    Lam= 23.500  x=  12.1797  y=   FROZEN  y-x=   --
    Lam= 24.000  x=  12.6797  y=   FROZEN  y-x=   --
    Lam= 24.500  x=  13.1797  y=   FROZEN  y-x=   --
    Lam= 25.000  x=  13.6797  y=   FROZEN  y-x=   --
    Lam= 25.500  x=  14.1797  y=   FROZEN  y-x=   --
    Lam= 26.000  x=  14.6797  y=   FROZEN  y-x=   --
    Lam= 26.500  x=  15.1797  y=   FROZEN  y-x=   --
    Lam= 27.000  x=  15.6797  y=   FROZEN  y-x=   --
    Lam= 27.500  x=  16.1797  y=   FROZEN  y-x=   --
    Lam= 28.000  x=  16.6797  y=   FROZEN  y-x=   --
    Lam= 28.500  x=  17.1797  y=   FROZEN  y-x=   --
    Lam= 29.000  x=  17.6797  y=   FROZEN  y-x=   --
    Lam= 29.500  x=  18.1797  y=   FROZEN  y-x=   --
    Lam= 30.000  x=  18.6797  y=   FROZEN  y-x=   --
    Lam= 30.500  x=  19.1797  y=   FROZEN  y-x=   --
    Lam= 31.000  x=  19.6797  y=   FROZEN  y-x=   --
    Lam= 31.500  x=  20.1797  y=   FROZEN  y-x=   --
    Lam= 32.000  x=  20.6797  y=   FROZEN  y-x=   --
    Lam= 32.500  x=  21.1797  y=   FROZEN  y-x=   --
    Lam= 33.000  x=  21.6797  y=   FROZEN  y-x=   --
    Lam= 33.500  x=  22.1797  y=   FROZEN  y-x=   --
    Lam= 34.000  x=  22.6797  y=   FROZEN  y-x=   --
    Lam= 34.500  x=  23.1797  y=   FROZEN  y-x=   --
    Lam= 35.000  x=  23.6797  y=   FROZEN  y-x=   --
    Lam= 35.500  x=  24.1797  y=   FROZEN  y-x=   --
    Lam= 36.000  x=  24.6797  y=   FROZEN  y-x=   --
    Lam= 36.500  x=  25.1797  y=   FROZEN  y-x=   --
    Lam= 37.000  x=  25.6797  y=   FROZEN  y-x=   --
    Lam= 37.500  x=  26.1797  y=   FROZEN  y-x=   --
    Lam= 38.000  x=  26.6797  y=   FROZEN  y-x=   --

  CELL (32,4,0)  u=1 h=32 T=4 e=4  LamStar=7.000  B=20.0
    Lam=  6.600  x=  -1.6003  y=  -3.3219  y-x=-1.7216
    Lam=  7.592  x=   2.3698  y=   FROZEN  y-x=   --
    Lam=  8.006  x=   4.0225  y=   FROZEN  y-x=   --
    Lam=  8.811  x=   7.2423  y=   FROZEN  y-x=   --
    Lam=  9.172  x=   8.6897  y=   FROZEN  y-x=   --
    Lam=  9.587  x=  10.3474  y=   FROZEN  y-x=   --
    Lam= 10.171  x=  12.6847  y=   FROZEN  y-x=   --

  CELL (32,4,1)  u=2 h=16 T=2 e=4  LamStar=7.660  B=20.0
    Lam=  6.600  x=  -2.1205  y=  -1.9796  y-x= 0.1408
    Lam=  7.592  x=  -0.1354  y=   0.1542  y-x= 0.2896
    Lam=  8.006  x=   0.6909  y=   0.5817  y-x=-0.1093
    Lam=  8.811  x=   2.3008  y=   2.8723  y-x= 0.5715
    Lam=  9.172  x=   3.0246  y=   2.4800  y-x=-0.5445
    Lam=  9.587  x=   3.8534  y=   3.5922  y-x=-0.2611
    Lam= 10.171  x=   5.0221  y=   FROZEN  y-x=   --
    Lam= 10.645  x=   5.9692  y=   FROZEN  y-x=   --
    Lam= 11.023  x=   6.7258  y=   5.6797  y-x=-1.0461
    Lam= 11.570  x=   7.8204  y=   FROZEN  y-x=   --
    Lam= 12.012  x=   8.7029  y=   FROZEN  y-x=   --
    Lam= 12.516  x=   9.7116  y=   FROZEN  y-x=   --
    Lam= 13.028  x=  10.7359  y=   FROZEN  y-x=   --
    Lam= 13.504  x=  11.6876  y=   FROZEN  y-x=   --
    Lam= 14.003  x=  12.6855  y=   FROZEN  y-x=   --
    Lam= 14.502  x=  13.6835  y=   FROZEN  y-x=   --
    Lam= 15.001  x=  14.6826  y=   FROZEN  y-x=   --
    Lam= 15.515  x=  15.7092  y=   FROZEN  y-x=   --
    Lam= 16.000  x=  16.6797  y=   FROZEN  y-x=   --
    Lam= 16.501  x=  17.6814  y=   FROZEN  y-x=   --
    Lam= 17.002  x=  18.6846  y=   FROZEN  y-x=   --
    Lam= 17.501  x=  19.6809  y=   FROZEN  y-x=   --
    Lam= 18.001  x=  20.6818  y=   FROZEN  y-x=   --
    Lam= 18.502  x=  21.6836  y=   FROZEN  y-x=   --
    Lam= 19.000  x=  22.6801  y=   FROZEN  y-x=   --
    Lam= 19.500  x=  23.6798  y=   FROZEN  y-x=   --
    Lam= 20.000  x=  24.6798  y=   FROZEN  y-x=   --
    Lam= 20.500  x=  25.6800  y=   FROZEN  y-x=   --
    Lam= 21.000  x=  26.6807  y=   FROZEN  y-x=   --
    Lam= 21.500  x=  27.6799  y=   FROZEN  y-x=   --
    Lam= 22.000  x=  28.6798  y=   FROZEN  y-x=   --

  CELL (64,4,2)  u=4 h=16 T=1 e=8  LamStar=14.966  B=28.0
    Lam=  9.172  x=  -5.7933  y=  -5.7671  y-x= 0.0262
    Lam=  9.587  x=  -5.3789  y=  -5.3439  y-x= 0.0350
    Lam= 10.171  x=  -4.7946  y=  -4.7432  y-x= 0.0514
    Lam= 10.645  x=  -4.3210  y=  -4.2480  y-x= 0.0730
    Lam= 11.045  x=  -3.9207  y=  -3.8292  y-x= 0.0915
    Lam= 11.615  x=  -3.3506  y=  -3.2222  y-x= 0.1284
    Lam= 12.066  x=  -2.8993  y=  -2.7546  y-x= 0.1447
    Lam= 12.539  x=  -2.4263  y=  -2.1667  y-x= 0.2596
    Lam= 13.055  x=  -1.9103  y=  -1.6159  y-x= 0.2944
    Lam= 13.524  x=  -1.4421  y=  -1.0720  y-x= 0.3701
    Lam= 14.114  x=  -0.8519  y=  -0.2997  y-x= 0.5522
    Lam= 14.508  x=  -0.4579  y=   0.3085  y-x= 0.7664
    Lam= 15.003  x=   0.0371  y=   1.0417  y-x= 1.0045
    Lam= 15.522  x=   0.5559  y=   1.5268  y-x= 0.9709
    Lam= 16.000  x=   1.0343  y=   2.1890  y-x= 1.1547
    Lam= 16.501  x=   1.5351  y=   2.6999  y-x= 1.1648
    Lam= 17.007  x=   2.0413  y=   3.7087  y-x= 1.6674
    Lam= 17.505  x=   2.5396  y=   6.0001  y-x= 3.4606
    Lam= 18.001  x=   3.0353  y=   3.7217  y-x= 0.6863
    Lam= 18.506  x=   3.5403  y=   7.5011  y-x= 3.9608
    Lam= 19.000  x=   4.0344  y=   8.4668  y-x= 4.4324
    Lam= 19.500  x=   4.5345  y=   9.9099  y-x= 5.3754
    Lam= 20.000  x=   5.0347  y=   8.5463  y-x= 3.5116
    Lam= 20.500  x=   5.5344  y=  16.8048  y-x=11.2704
    Lam= 21.000  x=   6.0347  y=   FROZEN  y-x=   --
    Lam= 21.500  x=   6.5344  y=  17.8048  y-x=11.2705
    Lam= 22.000  x=   7.0343  y=  12.6756  y-x= 5.6413
    Lam= 22.500  x=   7.5343  y=   FROZEN  y-x=   --
    Lam= 23.000  x=   8.0343  y=   FROZEN  y-x=   --
    Lam= 23.500  x=   8.5343  y=   FROZEN  y-x=   --
    Lam= 24.000  x=   9.0343  y=   FROZEN  y-x=   --
    Lam= 24.500  x=   9.5343  y=   FROZEN  y-x=   --
    Lam= 25.000  x=  10.0343  y=   FROZEN  y-x=   --
    Lam= 25.500  x=  10.5343  y=   FROZEN  y-x=   --
    Lam= 26.000  x=  11.0343  y=   FROZEN  y-x=   --
    Lam= 26.500  x=  11.5343  y=   FROZEN  y-x=   --
    Lam= 27.000  x=  12.0343  y=   FROZEN  y-x=   --
    Lam= 27.500  x=  12.5343  y=   FROZEN  y-x=   --
    Lam= 28.000  x=  13.0343  y=   FROZEN  y-x=   --
    Lam= 28.500  x=  13.5343  y=   FROZEN  y-x=   --
    Lam= 29.000  x=  14.0343  y=   FROZEN  y-x=   --
    Lam= 29.500  x=  14.5343  y=   FROZEN  y-x=   --
    Lam= 30.000  x=  15.0343  y=   FROZEN  y-x=   --
    Lam= 30.500  x=  15.5343  y=   FROZEN  y-x=   --
    Lam= 31.000  x=  16.0343  y=   FROZEN  y-x=   --
    Lam= 31.500  x=  16.5343  y=   FROZEN  y-x=   --
    Lam= 32.000  x=  17.0343  y=   FROZEN  y-x=   --
    Lam= 32.500  x=  17.5343  y=   FROZEN  y-x=   --
    Lam= 33.000  x=  18.0343  y=   FROZEN  y-x=   --
    Lam= 33.500  x=  18.5343  y=   FROZEN  y-x=   --
    Lam= 34.000  x=  19.0343  y=   FROZEN  y-x=   --
    Lam= 34.500  x=  19.5343  y=   FROZEN  y-x=   --
    Lam= 35.000  x=  20.0343  y=   FROZEN  y-x=   --
    Lam= 35.500  x=  20.5343  y=   FROZEN  y-x=   --
    Lam= 36.000  x=  21.0343  y=   FROZEN  y-x=   --
    Lam= 36.500  x=  21.5343  y=   FROZEN  y-x=   --
    Lam= 37.000  x=  22.0343  y=   FROZEN  y-x=   --
    Lam= 37.500  x=  22.5343  y=   FROZEN  y-x=   --
    Lam= 38.000  x=  23.0343  y=   FROZEN  y-x=   --
    Lam= 42.000  x=  27.0343  y=   FROZEN  y-x=   --
    Lam= 50.000  x=  35.0343  y=   FROZEN  y-x=   --
    Lam= 58.000  x=  43.0343  y=   FROZEN  y-x=   --
    Lam= 66.000  x=  51.0343  y=   FROZEN  y-x=   --

  CELL (64,8,2)  u=4 h=16 T=2 e=4  LamStar=10.356  B=28.0
    Lam=  7.592  x=  -5.5280  y=  -5.5132  y-x= 0.0148
    Lam=  8.006  x=  -4.7017  y=  -4.6883  y-x= 0.0134
    Lam=  8.811  x=  -3.0918  y=  -3.0844  y-x= 0.0074
    Lam=  9.172  x=  -2.3680  y=  -2.4046  y-x=-0.0365
    Lam=  9.587  x=  -1.5392  y=  -1.8052  y-x=-0.2660
    Lam= 10.171  x=  -0.3706  y=  -0.9765  y-x=-0.6059
    Lam= 10.645  x=   0.5766  y=  -0.0542  y-x=-0.6309
    Lam= 11.045  x=   1.3773  y=   0.5596  y-x=-0.8177
    Lam= 11.615  x=   2.5174  y=   1.1279  y-x=-1.3895
    Lam= 12.066  x=   3.4199  y=   1.3083  y-x=-2.1117
    Lam= 12.539  x=   4.3659  y=   2.9231  y-x=-1.4428
    Lam= 13.055  x=   5.3980  y=   3.2447  y-x=-2.1533
    Lam= 13.524  x=   6.3345  y=   3.8456  y-x=-2.4889
    Lam= 14.114  x=   7.5147  y=   6.2571  y-x=-1.2576
    Lam= 18.001  x=  15.2892  y=   FROZEN  y-x=   --
    Lam= 20.000  x=  19.2880  y=   FROZEN  y-x=   --
    Lam= 22.000  x=  23.2872  y=   FROZEN  y-x=   --
    Lam= 24.000  x=  27.2872  y=   FROZEN  y-x=   --
    Lam= 26.000  x=  31.2871  y=   FROZEN  y-x=   --
    Lam= 30.000  x=  39.2871  y=   FROZEN  y-x=   --
    Lam= 34.000  x=  47.2871  y=   FROZEN  y-x=   --
    Lam= 38.000  x=  55.2871  y=   FROZEN  y-x=   --

  CELL (64,8,3)  u=8 h=8 T=1 e=4  LamStar=9.393  B=16.0
    Lam=  7.592  x=  -1.8006  y=  -1.3350  y-x= 0.4657
    Lam=  8.006  x=  -1.3875  y=  -0.7498  y-x= 0.6377
    Lam=  8.811  x=  -0.5825  y=   0.6570  y-x= 1.2395
    Lam=  9.172  x=  -0.2207  y=   1.4072  y-x= 1.6279
    Lam=  9.587  x=   0.1937  y=   1.8629  y-x= 1.6692
    Lam= 10.171  x=   0.7781  y=   3.0490  y-x= 2.2709
    Lam= 10.645  x=   1.2517  y=   5.2925  y-x= 4.0408
    Lam= 11.045  x=   1.6520  y=   5.9252  y-x= 4.2733
    Lam= 11.615  x=   2.2221  y=   9.6895  y-x= 7.4674
    Lam= 12.066  x=   2.6733  y=   9.0368  y-x= 6.3635
    Lam= 12.539  x=   3.1463  y=  11.3852  y-x= 8.2389
    Lam= 13.055  x=   3.6623  y=  15.1255  y-x=11.4631
    Lam= 22.000  x=  12.6069  y=   FROZEN  y-x=   --
    Lam= 25.000  x=  15.6069  y=   FROZEN  y-x=   --
    Lam= 31.000  x=  21.6069  y=   FROZEN  y-x=   --
    Lam= 35.000  x=  25.6069  y=   FROZEN  y-x=   --
    Lam= 40.000  x=  30.6069  y=   FROZEN  y-x=   --
    Lam= 49.000  x=  39.6069  y=   FROZEN  y-x=   --
    Lam= 58.000  x=  48.6069  y=   FROZEN  y-x=   --
    Lam= 67.000  x=  57.6069  y=   FROZEN  y-x=   --

  CELL (64,16,3)  u=8 h=8 T=2 e=2  LamStar=6.579  B=16.0
    Lam=  7.592  x=   2.0264  y=   1.8737  y-x=-0.1527
    Lam=  8.006  x=   2.8527  y=   2.6062  y-x=-0.2466
    Lam=  8.811  x=   4.4626  y=   6.1057  y-x= 1.6430
    Lam=  9.172  x=   5.1863  y=   7.7213  y-x= 2.5350
    Lam=  9.587  x=   6.0152  y=   7.1926  y-x= 1.1775
    Lam= 10.171  x=   7.1838  y=   9.3959  y-x= 2.2120
    Lam= 16.000  x=  18.8415  y=   FROZEN  y-x=   --
    Lam= 21.000  x=  28.8425  y=   FROZEN  y-x=   --

  CELL (128,16,4)  u=16 h=8 T=1 e=4  LamStar=11.348  B=20.0
    Lam=  8.006  x=  -3.3424  y=  -3.1928  y-x= 0.1496
    Lam=  9.324  x=  -2.0239  y=  -1.6254  y-x= 0.3985
    Lam=  9.587  x=  -1.7612  y=  -1.2946  y-x= 0.4666
    Lam= 10.171  x=  -1.1769  y=  -0.4877  y-x= 0.6892
    Lam= 11.393  x=   0.0448  y=   1.9379  y-x= 1.8931
    Lam= 11.701  x=   0.3528  y=   2.2000  y-x= 1.8472
    Lam= 12.130  x=   0.7815  y=   3.0371  y-x= 2.2556
    Lam= 12.673  x=   1.3246  y=   4.3117  y-x= 2.9871
    Lam= 13.210  x=   1.8615  y=   7.9473  y-x= 6.0858
    Lam= 13.524  x=   2.1756  y=   9.3971  y-x= 7.2215
    Lam= 14.129  x=   2.7813  y=  11.5820  y-x= 8.8007
    Lam= 14.508  x=   3.1598  y=  11.4184  y-x= 8.2586
    Lam= 15.028  x=   3.6799  y=  15.6494  y-x=11.9696
    Lam= 34.000  x=  22.6519  y=   FROZEN  y-x=   --
    Lam= 40.000  x=  28.6519  y=   FROZEN  y-x=   --
    Lam= 53.000  x=  41.6519  y=   FROZEN  y-x=   --
    Lam= 60.000  x=  48.6519  y=   FROZEN  y-x=   --
    Lam= 72.000  x=  60.6519  y=   FROZEN  y-x=   --
    Lam= 91.000  x=  79.6519  y=   FROZEN  y-x=   --

  CELL (128,32,4)  u=16 h=8 T=2 e=2  LamStar=8.028  B=20.0
    Lam=  8.006  x=  -0.0450  y=  -0.7787  y-x=-0.7337
    Lam=  9.324  x=   2.5921  y=   1.5196  y-x=-1.0725
    Lam=  9.587  x=   3.1174  y=   1.8629  y-x=-1.2545
    Lam= 10.171  x=   4.2861  y=   3.0350  y-x=-1.2511
    Lam= 11.393  x=   6.7295  y=   8.4327  y-x= 1.7032
    Lam= 11.701  x=   7.3455  y=   7.9402  y-x= 0.5947
    Lam= 12.130  x=   8.2030  y=   9.0428  y-x= 0.8398
    Lam= 24.000  x=  31.9438  y=   FROZEN  y-x=   --
    Lam= 34.000  x=  51.9437  y=   FROZEN  y-x=   --

  CELL (256,32,5)  u=32 h=8 T=1 e=4  LamStar=13.326  B=24.0
    Lam=  9.587  x=  -3.7387  y=  -3.6264  y-x= 0.1123
    Lam= 11.701  x=  -1.6247  y=  -1.1089  y-x= 0.5157
    Lam= 12.907  x=  -0.4185  y=   0.7445  y-x= 1.1629
    Lam= 13.210  x=  -0.1159  y=   1.5669  y-x= 1.6828
    Lam= 13.524  x=   0.1982  y=   2.2867  y-x= 2.0886
    Lam= 14.129  x=   0.8038  y=   3.6282  y-x= 2.8243
    Lam= 14.508  x=   1.1823  y=   3.9915  y-x= 2.8092
    Lam= 15.140  x=   1.8141  y=   5.7121  y-x= 3.8980
    Lam= 15.592  x=   2.2670  y=   8.6021  y-x= 6.3352
    Lam= 16.000  x=   2.6745  y=   8.9160  y-x= 6.2415
    Lam= 16.539  x=   3.2136  y=  14.5196  y-x=11.3060
    Lam= 17.022  x=   3.6968  y=  13.7951  y-x=10.0983
    Lam= 67.000  x=  53.6745  y=   FROZEN  y-x=   --

  PR-6 deep-band dy/dx over cells with >= 4 deep points (7 cells): (32,2,0):0.9327, (32,2,1):1.1590, (64,4,2):1.0889, (64,8,2):0.8927, (64,8,3):1.7360, (128,16,4):1.2379, (256,32,5):1.3924
  eps = max |dy/dx - 1| = 0.7360   (registered window [0.00, 0.05] -> MISS)
  PR-7 implied G-c F2 licensed range: log2 q <= 256/(1+eps) = 147.5  (round 25: 232.7; registered window [243.8, 253.5])

  PR-6b tail slope vs the predicted 2/e:
    (32,2,1): measured 0.6925  predicted 0.2500  ratio 2.770
    (32,4,1): measured 0.4839  predicted 0.5000  ratio 0.968
    (64,4,2): measured 0.5516  predicted 0.2500  ratio 2.206
    (64,8,2): measured 0.5459  predicted 0.5000  ratio 1.092
    (64,8,3): measured 0.8251  predicted 0.5000  ratio 1.650
    (64,16,3): measured 0.4653  predicted 1.0000  ratio 0.465
    (128,16,4): measured 0.8697  predicted 0.5000  ratio 1.739
    (128,32,4): measured 0.4881  predicted 1.0000  ratio 0.488
    (256,32,5): measured 0.7794  predicted 0.5000  ratio 1.559

checkpoint: /home/u2470931/smooth-read-solomin/prize/notes/pilots_20260809/freeze_tail_law/tailckpt.json
