=== stage coverage ===
  class mod 2^41            delta  delta_a  e   p-range (log2)      provably-accident sub-range
  1                          1        1  1   [129.585, 256.000]   NONE  
  1                          1        1  2   [ 64.792, 128.000]   PART  log2 p < 126.000
  1                          1        1  3   [ 43.195,  85.333]   ALL   
  1                          1        1  4   [ 39.000,  64.000]   ALL   
  1                          1        1  5   [ 39.000,  51.200]   ALL   
  1                          1        1  6   [ 39.000,  42.667]   ALL   
  549755813889               4        1  4   [ 39.000,  64.000]   ALL   
  1099511627777              2        1  2   [ 64.792, 128.000]   PART  log2 p < 126.000
  1099511627777              2        1  4   [ 39.000,  64.000]   ALL   
  1099511627777              2        1  6   [ 39.000,  42.667]   ALL   
  1649267441665              4        1  4   [ 39.000,  64.000]   ALL   
  2199023255551              2        2  2   [ 64.792, 128.000]   NONE  
  2199023255551              2        2  4   [ 39.000,  64.000]   PART  log2 p < 63.000
  2199023255551              2        2  6   [ 39.000,  42.667]   ALL   
  1649267441663              4        2  4   [ 39.000,  64.000]   PART  log2 p < 63.000
  1099511627775              2        2  2   [ 64.792, 128.000]   NONE  
  1099511627775              2        2  4   [ 39.000,  64.000]   PART  log2 p < 63.000
  1099511627775              2        2  6   [ 39.000,  42.667]   ALL   
  549755813887               4        2  4   [ 39.000,  64.000]   PART  log2 p < 63.000
  ---- 19 admissible (class,e) pairs: ALL=10 PART=6 NONE=3
  e=1 rows have p >= 3*2^128 (log2 = 129.585) > 2^126 -- the existence
  theorem NEVER applies to a prime row.  Clean dichotomy.

  per-w deep-stratum pricing (n = 2^41):
   w      L    n_a  r'_a   global   per-weight   TERNARY   provable-exist
   2^34   128  256  126    256      251.628      202.875   log2 p < 126
   2^35   64   128  62     128      124.082      101.438   log2 p < 62
   2^36   32   64   30     64       60.491       50.719    log2 p < 30
   2^37   16   32   14     32       28.812       25.359    log2 p < 14
   2^38   8    16   6      16       12.967       12.680    log2 p < 6
   2^39   4    8    2      8        4.807        6.340     log2 p < 2
checks=2 failures=0
