[A3] n=16 q=97 K=8 h=3 A=11 | C(n,A)=4368 distinct-E=4336 mean/line=0.4642
   RICHEST LINE: 21 subsets  (x45.2 the mean) maxcore=9 (K=8) Gamma_lo(full)=0 greedy-spread=3 lex-sel=19 Gamma_lo(lex)=0
   RICHEST ADMISSIBLE (gauge-invariant gate): 21 (x45.2) maxcore=9 Gamma_lo(full)=0 greedy-spread=3 Gamma_lo(lex)=0
   lines>=tau(8): 376; rejected-by-gate: 0/24
   SPLIT-FIBRE line: size=21 collinear=True maxcore=9 Gamma_lo(full)=0 greedy-spread=3 Gamma_lo(lex)=0
   -> /home/u2470931/smooth-read-solomin/prize/notes/pilots_20260802/pb_h4_hunt/EXPA_A3.json
[A4] n=16 q=241 K=4 h=3 A=7 | C(n,A)=11440 distinct-E=11120 mean/line=0.197
   RICHEST LINE: 35 subsets  (x178 the mean) maxcore=5 (K=4) Gamma_lo(full)=0 greedy-spread=7 lex-sel=27 Gamma_lo(lex)=0
   RICHEST ADMISSIBLE (gauge-invariant gate): 35 (x178) maxcore=5 Gamma_lo(full)=0 greedy-spread=7 Gamma_lo(lex)=0
   lines>=tau(12): 456; rejected-by-gate: 3/24
   SPLIT-FIBRE line: size=35 collinear=True maxcore=5 Gamma_lo(full)=0 greedy-spread=7 Gamma_lo(lex)=0
   -> /home/u2470931/smooth-read-solomin/prize/notes/pilots_20260802/pb_h4_hunt/EXPA_A4.json
[A6] n=16 q=97 K=6 h=3 A=9 | C(n,A)=11440 distinct-E=11120 mean/line=1.216
   RICHEST LINE: 48 subsets  (x39.5 the mean) maxcore=8 (K=6) Gamma_lo(full)=0 greedy-spread=3 lex-sel=16 Gamma_lo(lex)=0
   RICHEST ADMISSIBLE (gauge-invariant gate): 35 (x28.8) maxcore=7 Gamma_lo(full)=0 greedy-spread=7 Gamma_lo(lex)=0
   lines>=tau(17): 369; rejected-by-gate: 1/24
   SPLIT-FIBRE line: size=35 collinear=True maxcore=7 Gamma_lo(full)=0 greedy-spread=7 Gamma_lo(lex)=0
   -> /home/u2470931/smooth-read-solomin/prize/notes/pilots_20260802/pb_h4_hunt/EXPA_A6.json
[A8] n=16 q=193 K=4 h=3 A=7 | C(n,A)=11440 distinct-E=11120 mean/line=0.3071
   RICHEST LINE: 35 subsets  (x114 the mean) maxcore=5 (K=4) Gamma_lo(full)=0 greedy-spread=7 lex-sel=27 Gamma_lo(lex)=0
   RICHEST ADMISSIBLE (gauge-invariant gate): 35 (x114) maxcore=5 Gamma_lo(full)=0 greedy-spread=7 Gamma_lo(lex)=0
   lines>=tau(12): 600; rejected-by-gate: 3/24
   SPLIT-FIBRE line: size=35 collinear=True maxcore=5 Gamma_lo(full)=0 greedy-spread=7 Gamma_lo(lex)=0
   -> /home/u2470931/smooth-read-solomin/prize/notes/pilots_20260802/pb_h4_hunt/EXPA_A8.json
EXIT=0
