   FP RUNNING: FPNODES=18922908 lev=34 cum_secs=234.8 found=0
STATUS: RUNNING
   FP RUNNING: FPNODES=42294622 lev=36 cum_secs=469.7 found=0
STATUS: RUNNING
   FP RUNNING: FPNODES=61783137 lev=37 cum_secs=704.6 found=0
STATUS: RUNNING
   FP RUNNING: FPNODES=82615345 lev=38 cum_secs=939.4 found=0
STATUS: RUNNING
   FP RUNNING: FPNODES=103046139 lev=38 cum_secs=1174.3 found=0
STATUS: RUNNING
   FP RUNNING: FPNODES=121379818 lev=36 cum_secs=1409.0 found=0
STATUS: RUNNING
   FP RUNNING: FPNODES=142678782 lev=38 cum_secs=1643.6 found=0
STATUS: RUNNING
   FP RUNNING: FPNODES=166541969 lev=37 cum_secs=1878.4 found=0
STATUS: RUNNING
   FP DONE: FPNODES=184696792  FPSEC=2013.6  |FPFOUND|=0
   RESULT: CERTIFIED EMPTY -- no nonzero w in {-2..2}^64 with ||w||_1 <= 128 lies in the lattice.
STATUS: DONE
SHARD 9 FINISHED after 9 rounds
