   FP RUNNING: FPNODES=17980883 lev=35 cum_secs=234.9 found=0
STATUS: RUNNING
   FP RUNNING: FPNODES=41278822 lev=33 cum_secs=469.8 found=0
STATUS: RUNNING
   FP RUNNING: FPNODES=61619356 lev=36 cum_secs=704.7 found=0
STATUS: RUNNING
   FP RUNNING: FPNODES=81992809 lev=33 cum_secs=939.6 found=0
STATUS: RUNNING
   FP RUNNING: FPNODES=103226419 lev=35 cum_secs=1174.4 found=0
STATUS: RUNNING
   FP RUNNING: FPNODES=122182659 lev=43 cum_secs=1409.3 found=0
STATUS: RUNNING
   FP RUNNING: FPNODES=143555334 lev=40 cum_secs=1644.1 found=0
STATUS: RUNNING
   FP RUNNING: FPNODES=166861512 lev=42 cum_secs=1879.0 found=0
STATUS: RUNNING
   FP DONE: FPNODES=184696792  FPSEC=2013.2  |FPFOUND|=0
   RESULT: CERTIFIED EMPTY -- no nonzero w in {-2..2}^64 with ||w||_1 <= 128 lies in the lattice.
STATUS: DONE
SHARD 5 FINISHED after 9 rounds
