   FP RUNNING: FPNODES=20266395 lev=31 cum_secs=234.7 found=0
STATUS: RUNNING
   FP RUNNING: FPNODES=44162349 lev=40 cum_secs=469.6 found=0
STATUS: RUNNING
   FP RUNNING: FPNODES=65109043 lev=38 cum_secs=704.5 found=0
STATUS: RUNNING
   FP RUNNING: FPNODES=84179971 lev=38 cum_secs=939.3 found=0
STATUS: RUNNING
   FP RUNNING: FPNODES=105085693 lev=39 cum_secs=1174.2 found=0
STATUS: RUNNING
   FP RUNNING: FPNODES=122043089 lev=39 cum_secs=1409.1 found=0
STATUS: RUNNING
   FP RUNNING: FPNODES=143096510 lev=42 cum_secs=1644.0 found=0
STATUS: RUNNING
   FP RUNNING: FPNODES=166992272 lev=35 cum_secs=1878.8 found=0
STATUS: RUNNING
   FP DONE: FPNODES=168866577  FPSEC=1894.0  |FPFOUND|=0
   RESULT: CERTIFIED EMPTY -- no nonzero w in {-2..2}^64 with ||w||_1 <= 128 lies in the lattice.
STATUS: DONE
SHARD 4 FINISHED after 9 rounds
