   FP RUNNING: FPNODES=18472358 lev=42 cum_secs=234.8 found=0
STATUS: RUNNING
   FP RUNNING: FPNODES=40762780 lev=40 cum_secs=469.6 found=0
STATUS: RUNNING
   FP RUNNING: FPNODES=58654055 lev=40 cum_secs=704.4 found=0
STATUS: RUNNING
   FP RUNNING: FPNODES=78560362 lev=40 cum_secs=939.1 found=0
STATUS: RUNNING
   FP RUNNING: FPNODES=99695675 lev=39 cum_secs=1173.9 found=0
STATUS: RUNNING
   FP RUNNING: FPNODES=117636082 lev=37 cum_secs=1408.7 found=0
STATUS: RUNNING
   FP RUNNING: FPNODES=139295486 lev=40 cum_secs=1643.6 found=0
STATUS: RUNNING
   FP RUNNING: FPNODES=163232235 lev=47 cum_secs=1878.4 found=0
STATUS: RUNNING
   FP DONE: FPNODES=168866577  FPSEC=1921.7  |FPFOUND|=0
   RESULT: CERTIFIED EMPTY -- no nonzero w in {-2..2}^64 with ||w||_1 <= 128 lies in the lattice.
STATUS: DONE
SHARD 10 FINISHED after 9 rounds
