   FP RUNNING: FPNODES=19987822 lev=45 cum_secs=234.9 found=0
STATUS: RUNNING
   FP RUNNING: FPNODES=42081428 lev=45 cum_secs=469.8 found=0
STATUS: RUNNING
   FP RUNNING: FPNODES=62725169 lev=46 cum_secs=704.7 found=0
STATUS: RUNNING
   FP RUNNING: FPNODES=81386538 lev=44 cum_secs=939.4 found=0
STATUS: RUNNING
   FP RUNNING: FPNODES=102161403 lev=39 cum_secs=1174.2 found=0
STATUS: RUNNING
   FP RUNNING: FPNODES=121347058 lev=38 cum_secs=1409.0 found=0
STATUS: RUNNING
   FP RUNNING: FPNODES=142482164 lev=37 cum_secs=1643.8 found=0
STATUS: RUNNING
   FP RUNNING: FPNODES=165378705 lev=41 cum_secs=1878.6 found=0
STATUS: RUNNING
   FP DONE: FPNODES=180540046  FPSEC=1999.6  |FPFOUND|=0
   RESULT: CERTIFIED EMPTY -- no nonzero w in {-2..2}^64 with ||w||_1 <= 128 lies in the lattice.
STATUS: DONE
SHARD 8 FINISHED after 9 rounds
