   FP RUNNING: FPNODES=19832229 lev=36 cum_secs=234.7 found=0
STATUS: RUNNING
   FP RUNNING: FPNODES=43793766 lev=42 cum_secs=469.5 found=0
STATUS: RUNNING
   FP RUNNING: FPNODES=63642738 lev=36 cum_secs=704.3 found=0
STATUS: RUNNING
   FP RUNNING: FPNODES=82680937 lev=44 cum_secs=939.0 found=0
STATUS: RUNNING
   FP RUNNING: FPNODES=103152698 lev=47 cum_secs=1173.9 found=0
STATUS: RUNNING
   FP RUNNING: FPNODES=120241203 lev=34 cum_secs=1408.6 found=0
STATUS: RUNNING
   FP RUNNING: FPNODES=141941600 lev=46 cum_secs=1643.3 found=0
STATUS: RUNNING
   FP RUNNING: FPNODES=165845711 lev=42 cum_secs=1878.2 found=0
STATUS: RUNNING
   FP DONE: FPNODES=180540046  FPSEC=1996.1  |FPFOUND|=0
   RESULT: CERTIFIED EMPTY -- no nonzero w in {-2..2}^64 with ||w||_1 <= 128 lies in the lattice.
STATUS: DONE
SHARD 6 FINISHED after 9 rounds
