   FP RUNNING: FPNODES=18374053 lev=38 cum_secs=234.9 found=0
STATUS: RUNNING
   FP RUNNING: FPNODES=41319734 lev=39 cum_secs=469.8 found=0
STATUS: RUNNING
   FP RUNNING: FPNODES=61267049 lev=45 cum_secs=704.7 found=0
STATUS: RUNNING
   FP RUNNING: FPNODES=80845875 lev=44 cum_secs=939.5 found=0
STATUS: RUNNING
   FP RUNNING: FPNODES=101833723 lev=40 cum_secs=1174.4 found=0
STATUS: RUNNING
   FP RUNNING: FPNODES=120708027 lev=40 cum_secs=1409.1 found=0
STATUS: RUNNING
   FP RUNNING: FPNODES=141253364 lev=37 cum_secs=1643.8 found=0
STATUS: RUNNING
   FP RUNNING: FPNODES=165722504 lev=37 cum_secs=1878.6 found=0
STATUS: RUNNING
   FP DONE: FPNODES=166852816  FPSEC=1888.3  |FPFOUND|=0
   RESULT: CERTIFIED EMPTY -- no nonzero w in {-2..2}^64 with ||w||_1 <= 128 lies in the lattice.
STATUS: DONE
SHARD 7 FINISHED after 9 rounds
