   FP RUNNING: FPNODES=20561920 lev=42 cum_secs=234.9 found=0
STATUS: RUNNING
   FP RUNNING: FPNODES=43868160 lev=43 cum_secs=469.7 found=0
STATUS: RUNNING
   FP RUNNING: FPNODES=61472768 lev=43 cum_secs=704.6 found=0
STATUS: RUNNING
   FP RUNNING: FPNODES=82403328 lev=41 cum_secs=939.5 found=0
STATUS: RUNNING
   FP RUNNING: FPNODES=102596608 lev=37 cum_secs=1174.4 found=0
STATUS: RUNNING
   FP RUNNING: FPNODES=121348096 lev=39 cum_secs=1409.1 found=0
STATUS: RUNNING
   FP RUNNING: FPNODES=142172160 lev=44 cum_secs=1643.9 found=0
STATUS: RUNNING
   FP RUNNING: FPNODES=165117952 lev=45 cum_secs=1878.7 found=0
STATUS: RUNNING
   FP DONE: FPNODES=166458412  FPSEC=1890.0  |FPFOUND|=0
   RESULT: CERTIFIED EMPTY -- no nonzero w in {-2..2}^64 with ||w||_1 <= 128 lies in the lattice.
STATUS: DONE
SHARD 0 FINISHED after 9 rounds
