   FP RUNNING: FPNODES=18259357 lev=40 cum_secs=234.9 found=0
STATUS: RUNNING
   FP RUNNING: FPNODES=41983131 lev=45 cum_secs=469.7 found=0
STATUS: RUNNING
   FP RUNNING: FPNODES=61783144 lev=41 cum_secs=704.6 found=0
STATUS: RUNNING
   FP RUNNING: FPNODES=81959986 lev=45 cum_secs=939.5 found=0
STATUS: RUNNING
   FP RUNNING: FPNODES=103250995 lev=43 cum_secs=1174.4 found=0
STATUS: RUNNING
   FP RUNNING: FPNODES=121289725 lev=39 cum_secs=1409.2 found=0
STATUS: RUNNING
   FP RUNNING: FPNODES=141974326 lev=41 cum_secs=1644.0 found=0
STATUS: RUNNING
   FP RUNNING: FPNODES=165124808 lev=41 cum_secs=1878.9 found=0
STATUS: RUNNING
   FP DONE: FPNODES=180237328  FPSEC=2000.5  |FPFOUND|=0
   RESULT: CERTIFIED EMPTY -- no nonzero w in {-2..2}^64 with ||w||_1 <= 128 lies in the lattice.
STATUS: DONE
SHARD 1 FINISHED after 9 rounds
