--- round 1 ---
== cell PLANT-64 :: PLANT-C control (seed 20260807) -- MUST return NONEMPTY ==
   h=64  log2 p=249.000  2l'=128  R^2=256  problem_hash=6ccaf2d7fc0dd3fd6a0250b3
   LLL stage 0 (delta=3/4) DONE: swaps=7724 cum_secs=3.4
   LLL stage 1 (delta=99/100) DONE: swaps=15698 cum_secs=6.2
   LLL DONE: LLLSWAPS=15698 LLLSEC=6.2
   DETCHECK=PASS  MEMBERCHECK=PASS  |det B| == p : True
   GSPROFILE log2||b*_i||^2, i=0..63:
     7.20 11.51 11.12 11.12 11.22 10.93 10.91 10.54 10.43 10.33 10.37 10.30 10.11 10.24 10.11 9.81 9.60 9.69 9.58 9.58 9.41 9.33 9.09 9.18 8.94 8.79 8.62 8.39 8.64 8.35 8.19 7.82 7.82 7.68 7.48 7.48 7.15 6.88 6.93 6.81 6.87 6.66 6.41 6.15 6.03 6.01 5.71 5.63 5.54 5.33 5.53 5.16 5.25 5.31 4.99 5.11 5.22 4.87 5.02 4.95 4.70 4.64 4.68 4.53
   ||b_0||^2 = 147 (||b_0|| = 12.124);  RHF = 2^-0.00462 = 0.99681;  GH lambda_1 = 28.711;  R = 16.000
   min_i ||b_i||^2 over the reduced basis = 147  (R^2 = 256) -> A BASIS VECTOR IS INSIDE THE BALL
   FP RUNNING: FPNODES=27754496 lev=48 cum_secs=228.6 found=0
STATUS: RUNNING
--- round 2 ---
== cell PLANT-64 :: PLANT-C control (seed 20260807) -- MUST return NONEMPTY ==
   h=64  log2 p=249.000  2l'=128  R^2=256  problem_hash=6ccaf2d7fc0dd3fd6a0250b3
   LLL DONE: LLLSWAPS=15698 LLLSEC=6.2
   DETCHECK=PASS  MEMBERCHECK=PASS  |det B| == p : True
   GSPROFILE log2||b*_i||^2, i=0..63:
     7.20 11.51 11.12 11.12 11.22 10.93 10.91 10.54 10.43 10.33 10.37 10.30 10.11 10.24 10.11 9.81 9.60 9.69 9.58 9.58 9.41 9.33 9.09 9.18 8.94 8.79 8.62 8.39 8.64 8.35 8.19 7.82 7.82 7.68 7.48 7.48 7.15 6.88 6.93 6.81 6.87 6.66 6.41 6.15 6.03 6.01 5.71 5.63 5.54 5.33 5.53 5.16 5.25 5.31 4.99 5.11 5.22 4.87 5.02 4.95 4.70 4.64 4.68 4.53
   ||b_0||^2 = 147 (||b_0|| = 12.124);  RHF = 2^-0.00462 = 0.99681;  GH lambda_1 = 28.711;  R = 16.000
   min_i ||b_i||^2 over the reduced basis = 147  (R^2 = 256) -> A BASIS VECTOR IS INSIDE THE BALL
   FP DONE: FPNODES=61514718  FPSEC=391.9  |FPFOUND|=2
   RESULT: **NONEMPTY** -- 2 witness(es)
     w = (2, 0, 0, -1, 2, 0, -1, -1, 0, -1, 0, 2, 2, -2, 2, -2, 1, -2, -2, 1, 2, -2, -1, -2, 2, -1, -2, -2, -2, -2, 2, -1, 2, 2, -2, 1, -1, 1, 0, -1, 2, -2, 1, 2, 1, 1, 1, 1, 0, 2, 1, 2, 2, -1, -2, 2, 2, 0, 0, -2, 1, -1, -1, 0)
       ||w||_inf=2 ||w||_1=85  sum w_j c_j mod p = 0  Norm%p=803206304163684136181280533396833488394017511911673727380061953
     w = (-2, 0, 0, 1, -2, 0, 1, 1, 0, 1, 0, -2, -2, 2, -2, 2, -1, 2, 2, -1, -2, 2, 1, 2, -2, 1, 2, 2, 2, 2, -2, 1, -2, -2, 2, -1, 1, -1, 0, 1, -2, 2, -1, -2, -1, -1, -1, -1, 0, -2, -1, -2, -2, 1, 2, -2, -2, 0, 0, 2, -1, 1, 1, 0)
       ||w||_inf=2 ||w||_1=85  sum w_j c_j mod p = 0  Norm%p=803206304163684136181280533396833488394017511911673727380061953
   PLANT-C CONTROL: planted v FOUND -> PASS
   planted v = (-2, 0, 0, 1, -2, 0, 1, 1, 0, 1, 0, -2, -2, 2, -2, 2, -1, 2, 2, -1, -2, 2, 1, 2, -2, 1, 2, 2, 2, 2, -2, 1, -2, -2, 2, -1, 1, -1, 0, 1, -2, 2, -1, -2, -1, -1, -1, -1, 0, -2, -1, -2, -2, 1, 2, -2, -2, 0, 0, 2, -1, 1, 1, 0)
STATUS: DONE
FINISHED after 2 rounds
