ell=2 (U={1,3}) skew census at n=32:
  w=1: maxnorm=1 candidates=[] confirmed=[]
  w=2: maxnorm=256 candidates=[] confirmed=[]
  w=3: maxnorm=6561 candidates=[] confirmed=[]
  w=4: maxnorm=38416 candidates=[97] confirmed=[]
  w=5: maxnorm=279841 candidates=[97, 193, 257] confirmed=[97]
  w=6: maxnorm=1331716 candidates=[97, 193, 257, 353, 577] confirmed=[97]
  w=7: maxnorm=5764801 candidates=[97, 193, 257, 353, 449, 641, 673, 769, 929, 1153, 1249, 1697, 2017] confirmed=[97, 193, 257]
  w=8: maxnorm=14760962 candidates=[97, 193, 257, 353, 449, 577, 641, 673, 769, 929, 1409] confirmed=[97, 193, 257, 449, 577]

AM-GM fence log2 thresholds (q must EXCEED 2^value to be excluded):
  2N=16 (C2'' n=16)                o=2 w=3: q > 2^3.17  (free at official q<2^256: True)
  2N=16 (C2'' n=16)                o=2 w=4: q > 2^4.0  (free at official q<2^256: True)
  2N=16 (C2'' n=16)                o=2 w=5: q > 2^4.644  (free at official q<2^256: True)
  2N=16 (C2'' n=16)                o=2 w=6: q > 2^5.17  (free at official q<2^256: True)
  2N=32 (C2'' n=32)                o=2 w=3: q > 2^6.34  (free at official q<2^256: True)
  2N=32 (C2'' n=32)                o=2 w=4: q > 2^8.0  (free at official q<2^256: True)
  2N=32 (C2'' n=32)                o=2 w=5: q > 2^9.288  (free at official q<2^256: True)
  2N=32 (C2'' n=32)                o=2 w=6: q > 2^10.34  (free at official q<2^256: True)
  2N=64                            o=2 w=3: q > 2^12.68  (free at official q<2^256: True)
  2N=64                            o=2 w=4: q > 2^16.0  (free at official q<2^256: True)
  2N=64                            o=2 w=5: q > 2^18.575  (free at official q<2^256: True)
  2N=64                            o=2 w=6: q > 2^20.68  (free at official q<2^256: True)
  order-1024 WCL block             o=2 w=3: q > 2^202.875  (free at official q<2^256: True)
  order-1024 WCL block             o=2 w=4: q > 2^256.0  (free at official q<2^256: False)
  order-1024 WCL block             o=2 w=5: q > 2^297.207  (free at official q<2^256: False)
  order-1024 WCL block             o=2 w=6: q > 2^330.875  (free at official q<2^256: False)
  official junction 0 (n=2^41)     o=2 w=3: q > 2^435671174782.959  (free at official q<2^256: False)
  official junction 0 (n=2^41)     o=2 w=4: q > 2^549755813888.0  (free at official q<2^256: False)
  official junction 0 (n=2^41)     o=2 w=5: q > 2^638246734797.108  (free at official q<2^256: False)
  official junction 0 (n=2^41)     o=2 w=6: q > 2^710549081726.959  (free at official q<2^256: False)
