=== N=64 w=2 ===
/home/u2470931/smooth-read-solomin/prize/notes/pilots_20260802/c1_imprimitivity/scripts/affine.py:84: RuntimeWarning: overflow encountered in scalar subtract
  full = (np.uint64(1) << np.uint64(N)) - np.uint64(1)
{"N": 64, "twoN": 128, "w": 2, "part": 0, "nparts": 1, "n_support_orbits_total": 6, "n_support_orbits_this_part": 6, "n_polynomials_scanned": 12, "expected_this_part": 12, "n_exactly_evaluated": 12, "n_numerically_suspicious": 0, "target": "4294967296", "max_norm_exact": "4294967296", "argmax_f": [1, 0, 0, 0, 0, 0, 0, 0, 0, 0, 0, 0, 0, 0, 0, 0, 0, 0, 0, 0, 0, 0, 0, 0, 0, 0, 0, 0, 0, 0, 0, 0, 1, 0, 0, 0, 0, 0, 0, 0, 0, 0, 0, 0, 0, 0, 0, 0, 0, 0, 0, 0, 0, 0, 0, 0, 0, 0, 0, 0, 0, 0, 0, 0], "argmax_bareiss": "4294967296", "n_strictly_above_target": 0, "amgm_ceiling": "4294967296", "float_margin": 0.001, "tau": 0.0001, "seconds": 0.05}
=== N=64 w=3 ===
/home/u2470931/smooth-read-solomin/prize/notes/pilots_20260802/c1_imprimitivity/scripts/affine.py:84: RuntimeWarning: overflow encountered in scalar subtract
  full = (np.uint64(1) << np.uint64(N)) - np.uint64(1)
{"N": 64, "twoN": 128, "w": 3, "part": 0, "nparts": 1, "n_support_orbits_total": 38, "n_support_orbits_this_part": 38, "n_polynomials_scanned": 152, "expected_this_part": 152, "n_exactly_evaluated": 24, "n_numerically_suspicious": 0, "target": "1853020188851841", "max_norm_exact": "1853020188851841", "argmax_f": [1, 0, 0, 0, 0, 0, 0, 0, 0, 0, 0, 0, 0, 0, 0, 0, 1, 0, 0, 0, 0, 0, 0, 0, 0, 0, 0, 0, 0, 0, 0, 0, -1, 0, 0, 0, 0, 0, 0, 0, 0, 0, 0, 0, 0, 0, 0, 0, 0, 0, 0, 0, 0, 0, 0, 0, 0, 0, 0, 0, 0, 0, 0, 0], "argmax_bareiss": "1853020188851841", "n_strictly_above_target": 0, "amgm_ceiling": "1853020188851841", "float_margin": 0.001, "tau": 0.0001, "seconds": 0.08}
=== N=64 w=4 ===
/home/u2470931/smooth-read-solomin/prize/notes/pilots_20260802/c1_imprimitivity/scripts/affine.py:84: RuntimeWarning: overflow encountered in scalar subtract
  full = (np.uint64(1) << np.uint64(N)) - np.uint64(1)
{"N": 64, "twoN": 128, "w": 4, "part": 0, "nparts": 1, "n_support_orbits_total": 463, "n_support_orbits_this_part": 463, "n_polynomials_scanned": 3704, "expected_this_part": 3704, "n_exactly_evaluated": 30, "n_numerically_suspicious": 6, "target": "2177953337809371136", "max_norm_exact": "2177953337809371136", "argmax_f": [1, 0, 0, 0, 0, 0, 0, 0, -1, 0, 0, 0, 0, 0, 0, 0, 0, 0, 0, 0, 0, 0, 0, 0, 1, 0, 0, 0, 0, 0, 0, 0, 1, 0, 0, 0, 0, 0, 0, 0, 0, 0, 0, 0, 0, 0, 0, 0, 0, 0, 0, 0, 0, 0, 0, 0, 0, 0, 0, 0, 0, 0, 0, 0], "argmax_bareiss": "2177953337809371136", "n_strictly_above_target": 0, "amgm_ceiling": "18446744073709551616", "float_margin": 0.001, "tau": 0.0001, "seconds": 0.19}
=== N=64 w=5 ===
/home/u2470931/smooth-read-solomin/prize/notes/pilots_20260802/c1_imprimitivity/scripts/affine.py:84: RuntimeWarning: overflow encountered in scalar subtract
  full = (np.uint64(1) << np.uint64(N)) - np.uint64(1)
{"N": 64, "twoN": 128, "w": 5, "part": 0, "nparts": 1, "n_support_orbits_total": 5055, "n_support_orbits_this_part": 5055, "n_polynomials_scanned": 80880, "expected_this_part": 80880, "n_exactly_evaluated": 120, "n_numerically_suspicious": 48, "target": "6132610415680998648961", "max_norm_exact": "6132610415680998648961", "argmax_f": [1, 0, 0, 0, 0, 0, 0, 0, -1, 0, 0, 0, 0, 0, 0, 0, 1, 0, 0, 0, 0, 0, 0, 0, 1, 0, 0, 0, 0, 0, 0, 0, 1, 0, 0, 0, 0, 0, 0, 0, 0, 0, 0, 0, 0, 0, 0, 0, 0, 0, 0, 0, 0, 0, 0, 0, 0, 0, 0, 0, 0, 0, 0, 0], "argmax_bareiss": "6132610415680998648961", "n_strictly_above_target": 0, "amgm_ceiling": "23283064365386962890625", "float_margin": 0.001, "tau": 0.0001, "seconds": 1.88}
=== N=64 w=6 ===
/home/u2470931/smooth-read-solomin/prize/notes/pilots_20260802/c1_imprimitivity/scripts/affine.py:84: RuntimeWarning: overflow encountered in scalar subtract
  full = (np.uint64(1) << np.uint64(N)) - np.uint64(1)
{"N": 64, "twoN": 128, "w": 6, "part": 0, "nparts": 1, "n_support_orbits_total": 46793, "n_support_orbits_this_part": 46793, "n_polynomials_scanned": 1497376, "expected_this_part": 1497376, "n_exactly_evaluated": 1934, "n_numerically_suspicious": 830, "target": "3145186990070779381678336", "max_norm_exact": "3145186990070779381678336", "argmax_f": [1, 0, 0, 0, 0, 0, 0, 0, 1, 0, 0, 0, 0, 0, 0, 0, -1, 0, 0, 0, 0, 0, 0, 0, 1, 0, 0, 0, 0, 0, 0, 0, 1, 0, 0, 0, 0, 0, 0, 0, 1, 0, 0, 0, 0, 0, 0, 0, 0, 0, 0, 0, 0, 0, 0, 0, 0, 0, 0, 0, 0, 0, 0, 0], "argmax_bareiss": "3145186990070779381678336", "n_strictly_above_target": 0, "amgm_ceiling": "7958661109946400884391936", "float_margin": 0.001, "tau": 0.0001, "seconds": 45.09}
