==========================================================================
ROUND 17 -- THEOREM CS at the PRIZE CROSSING ROWS
==========================================================================

  n = 2^41,  r' = 2^40 - w,  delta = 1 recorded rows
  (CS4): accident at p REQUIRES ceil((w-1)/2)*log2 p <= (n/4)*log2 r'

  w        r'             LHS (bits)       RHS (bits)       verdict   
  2^34     2^40-2^34      2.19902e+12      2.19777e+13      vacuous
  2^35     2^40-2^35      4.39805e+12      2.19651e+13      vacuous
  2^36     2^40-2^36      8.79609e+12      2.1939e+13       vacuous
  2^37     2^40-2^37      1.75922e+13      2.18843e+13      vacuous
  2^38     2^40-2^38      3.51844e+13      2.17621e+13      EXCLUDED (CS bites)
  2^39     2^40-2^39      7.03687e+13      2.14405e+13      EXCLUDED (CS bites)

  THRESHOLD SEARCH at log2 p = 256 (bisection on integer w):
    w* = 170752922588  =  2^37.3131   (CS excludes every w > w*)
    covered fraction of the crossing bracket [2^34, 2^39]: 0.7116

  THRESHOLD w* vs log2 p:
  log2 p       w*               bracket covered
  39           > 2^39           0.0000 (vacuous)
  64           > 2^39           0.0000 (vacuous)
  128          2^38.3026        0.3957
  208          2^37.6104        0.6383
  256          2^37.3131        0.7116
  512          2^36.3177        0.8714

  The 6 power-of-two w in the bracket (the only w with a
  NONEMPTY structural family, round-15 (P4)):
    excluded by CS at log2 p = 256:  ['2^38', '2^39']

  SANITY (must NOT exclude the five round-16 witnesses):
    n=32 r'=6 w=4 p=7     lhs=  5.6147  rhs= 20.6797  ok (not excluded)
    n=32 r'=6 w=3 p=47    lhs=  5.5546  rhs= 20.6797  ok (not excluded)
    n=32 r'=6 w=4 p=17    lhs=  8.1749  rhs= 20.6797  ok (not excluded)
    n=32 r'=5 w=2 p=23    lhs=  4.5236  rhs= 18.5754  ok (not excluded)
    n=32 r'=5 w=2 p=463   lhs=  8.8549  rhs= 18.5754  ok (not excluded)

  COROLLARY CS-TOWER (stratified S, x_1 = 0): exclusion persists
  w      a    LHS_a            RHS_a            bites   
  2^38   0    3.51844e+13      2.17621e+13      True
  2^38   1    1.75922e+13      1.06062e+13      True
  2^38   2    8.79609e+12      5.16564e+12      True
  2^38   3    4.39805e+12      2.5141e+12       True
  2^38   4    2.19902e+12      1.22269e+12      True
  2^38   5    1.09951e+12      5.94165e+11      True
  2^39   0    7.03687e+13      2.14405e+13      True
  2^39   1    3.51844e+13      1.04454e+13      True
  2^39   2    1.75922e+13      5.08524e+12      True
  2^39   3    8.79609e+12      2.4739e+12       True
  2^39   4    4.39805e+12      1.20259e+12      True
  2^39   5    2.19902e+12      5.84116e+11      True

==========================================================================
checks: 23   failures: 0
==========================================================================
