==========================================================================
ROUND 17 -- (ES) COPRIMALITY PILOT  stage=rate
==========================================================================
--------------------------------------------------------------------------
[RATE] K4 -- coprimality rate  n=16  r'<=8  w<=8
  r'  w   orbits  N=0     N=1      N>1      rate      bad p (a=0)
  2   2   4       1       3        0        1.00000   []
  3   2   9       0       5        4        0.55556   [3, 7, 17]
  3   3   9       0       9        0        1.00000   []
  4   2   25      3       15       7        0.68182   [7, 17, 97]
  4   3   25      1       24       0        1.00000   []
  4   4   25      1       24       0        1.00000   []
  5   2   47      0       16       31       0.34043   [3, 7, 17, 23, 97, 113, 193, 241]
  5   3   47      0       46       1        0.97872   [17]
  5   4   47      0       47       0        1.00000   []
  5   5   47      0       47       0        1.00000   []
  6   2   84      4       40       40       0.50000   [3, 7, 17, 97, 113, 193, 353, 577]
  6   3   84      0       80       4        0.95238   [7, 17]
  6   4   84      0       83       1        0.98810   []
  6   5   84      0       84       0        1.00000   []
  6   6   84      0       84       0        1.00000   []
  7   2   111     0       29       82       0.26126   [3, 7, 17, 23, 31, 97, 113, 193]
  7   3   111     0       108      3        0.97297   [3, 17]
  7   4   111     0       110      1        0.99099   [3]
  7   5   111     0       111      0        1.00000   []
  7   6   111     0       111      0        1.00000   []
  7   7   111     0       111      0        1.00000   []
  8   2   129     6       57       66       0.46341   [3, 7, 17, 97, 113, 193, 353, 577]
  8   3   129     2       124      3        0.97638   [17]
  8   4   129     2       127      0        1.00000   []
  8   5   129     1       128      0        1.00000   []
  8   6   129     1       128      0        1.00000   []
  8   7   129     1       128      0        1.00000   []
  8   8   129     1       128      0        1.00000   []
  [RATE] cumulative 2250 checks
==========================================================================
checks: 2250   failures: 0
==========================================================================
==========================================================================
ROUND 17 -- (ES) COPRIMALITY PILOT  stage=rate
==========================================================================
--------------------------------------------------------------------------
[RATE] K4 -- coprimality rate  n=32  r'<=6  w<=6
  r'  w   orbits  N=0     N=1      N>1      rate      bad p (a=0)
  2   2   5       1       4        0        1.00000   []
  3   2   18      0       7        11       0.38889   [3, 7, 17, 47, 97, 193, 257, 353]
  3   3   18      0       18       0        1.00000   []
  4   2   100     4       40       56       0.41667   [7, 17, 47, 79, 97, 193, 257, 353]
  4   3   100     1       99       0        1.00000   []
  4   4   100     1       99       0        1.00000   []
  5   2   454     0       45       409      0.09912   [3, 7, 17, 23, 31, 47, 79, 97]
  5   3   454     0       451      3        0.99339   [17, 257]
  5   4   454     0       454      0        1.00000   []
  5   5   454     0       454      0        1.00000   []
  6   2   1943    9       269      1665     0.13909   [3, 7, 17, 31, 47, 79, 97, 113]
  6   3   1943    0       1923     20       0.98971   [7, 17, 47, 97, 193, 353, 449]
  6   4   1943    0       1939     4        0.99794   []
  6   5   1943    0       1943     0        1.00000   []
  6   6   1943    0       1943     0        1.00000   []
  [RATE] cumulative 11856 checks
==========================================================================
checks: 11856   failures: 0
==========================================================================
==========================================================================
ROUND 17 -- (ES) COPRIMALITY PILOT  stage=rate
==========================================================================
--------------------------------------------------------------------------
[RATE] K4 -- coprimality rate  n=32  r'<=7  w<=7
  r'  w   orbits  N=0     N=1      N>1      rate      bad p (a=0)
  7   2   6903    0       227      6676     0.03288   [3, 7, 17, 23, 31, 47, 79, 97]
  7   3   6903    0       6866     37       0.99464   [3, 7, 17, 97, 193, 257, 353, 449]
  7   4   6903    0       6902     1        0.99986   [3]
  7   5   6903    0       6903     0        1.00000   []
  7   6   6903    0       6903     0        1.00000   []
  7   7   6903    0       6903     0        1.00000   []
  [RATE] cumulative 41418 checks
==========================================================================
checks: 41418   failures: 0
==========================================================================
==========================================================================
ROUND 17 -- (ES) COPRIMALITY PILOT  stage=rate
==========================================================================
--------------------------------------------------------------------------
[RATE] K4 -- coprimality rate  n=32  r'<=8  w<=8
  r'  w   orbits  N=0     N=1      N>1      rate      bad p (a=0)
  8   8   21283   1       21282    0        1.00000   []
  [RATE] cumulative 21282 checks
==========================================================================
checks: 21282   failures: 0
==========================================================================
